ARM GAS  C:\Users\ASuarez\AppData\Local\Temp\ccLIJdUc.s 			page 1


   1              		.syntax unified
   2              		.cpu cortex-m0
   3              		.fpu softvfp
   4              		.eabi_attribute 20, 1
   5              		.eabi_attribute 21, 1
   6              		.eabi_attribute 23, 3
   7              		.eabi_attribute 24, 1
   8              		.eabi_attribute 25, 1
   9              		.eabi_attribute 26, 1
  10              		.eabi_attribute 30, 4
  11              		.eabi_attribute 34, 0
  12              		.eabi_attribute 18, 4
  13              		.thumb
  14              		.syntax unified
  15              		.file	"cyfitter_cfg.c"
  16              		.text
  17              	.Ltext0:
  18              		.cfi_sections	.debug_frame
  19              		.section	.psocinit,"ax",%progbits
  20              		.align	1
  21              		.global	cyfitter_cfg
  22              		.code	16
  23              		.thumb_func
  24              		.type	cyfitter_cfg, %function
  25              	cyfitter_cfg:
  26              	.LFB7:
  27              		.file 1 "Generated_Source\\PSoC4\\cyfitter_cfg.c"
   1:Generated_Source\PSoC4/cyfitter_cfg.c **** 
   2:Generated_Source\PSoC4/cyfitter_cfg.c **** /*******************************************************************************
   3:Generated_Source\PSoC4/cyfitter_cfg.c **** * File Name: cyfitter_cfg.c
   4:Generated_Source\PSoC4/cyfitter_cfg.c **** * 
   5:Generated_Source\PSoC4/cyfitter_cfg.c **** * PSoC Creator  4.2
   6:Generated_Source\PSoC4/cyfitter_cfg.c **** *
   7:Generated_Source\PSoC4/cyfitter_cfg.c **** * Description:
   8:Generated_Source\PSoC4/cyfitter_cfg.c **** * This file contains device initialization code.
   9:Generated_Source\PSoC4/cyfitter_cfg.c **** * Except for the user defined sections in CyClockStartupError(), this file should not be modified.
  10:Generated_Source\PSoC4/cyfitter_cfg.c **** * This file is automatically generated by PSoC Creator.
  11:Generated_Source\PSoC4/cyfitter_cfg.c **** *
  12:Generated_Source\PSoC4/cyfitter_cfg.c **** ********************************************************************************
  13:Generated_Source\PSoC4/cyfitter_cfg.c **** * Copyright (c) 2007-2018 Cypress Semiconductor.  All rights reserved.
  14:Generated_Source\PSoC4/cyfitter_cfg.c **** * You may use this file only in accordance with the license, terms, conditions, 
  15:Generated_Source\PSoC4/cyfitter_cfg.c **** * disclaimers, and limitations in the end user license agreement accompanying 
  16:Generated_Source\PSoC4/cyfitter_cfg.c **** * the software package with which this file was provided.
  17:Generated_Source\PSoC4/cyfitter_cfg.c **** ********************************************************************************/
  18:Generated_Source\PSoC4/cyfitter_cfg.c **** 
  19:Generated_Source\PSoC4/cyfitter_cfg.c **** #include <string.h>
  20:Generated_Source\PSoC4/cyfitter_cfg.c **** #include "cytypes.h"
  21:Generated_Source\PSoC4/cyfitter_cfg.c **** #include "cydevice_trm.h"
  22:Generated_Source\PSoC4/cyfitter_cfg.c **** #include "cyfitter.h"
  23:Generated_Source\PSoC4/cyfitter_cfg.c **** #include "CyLib.h"
  24:Generated_Source\PSoC4/cyfitter_cfg.c **** #include "CyLFClk.h"
  25:Generated_Source\PSoC4/cyfitter_cfg.c **** #include "cyfitter_cfg.h"
  26:Generated_Source\PSoC4/cyfitter_cfg.c **** #include "cyapicallbacks.h"
  27:Generated_Source\PSoC4/cyfitter_cfg.c **** 
  28:Generated_Source\PSoC4/cyfitter_cfg.c **** 
  29:Generated_Source\PSoC4/cyfitter_cfg.c **** #if defined(__GNUC__) || defined(__ARMCC_VERSION)
  30:Generated_Source\PSoC4/cyfitter_cfg.c ****     #define CYPACKED 
ARM GAS  C:\Users\ASuarez\AppData\Local\Temp\ccLIJdUc.s 			page 2


  31:Generated_Source\PSoC4/cyfitter_cfg.c ****     #define CYPACKED_ATTR __attribute__ ((packed))
  32:Generated_Source\PSoC4/cyfitter_cfg.c ****     #define CYALIGNED __attribute__ ((aligned))
  33:Generated_Source\PSoC4/cyfitter_cfg.c ****     #define CY_CFG_UNUSED __attribute__ ((unused))
  34:Generated_Source\PSoC4/cyfitter_cfg.c ****     #ifndef CY_CFG_SECTION
  35:Generated_Source\PSoC4/cyfitter_cfg.c ****         #define CY_CFG_SECTION __attribute__ ((section(".psocinit")))
  36:Generated_Source\PSoC4/cyfitter_cfg.c ****     #endif
  37:Generated_Source\PSoC4/cyfitter_cfg.c ****     
  38:Generated_Source\PSoC4/cyfitter_cfg.c ****     #if defined(__ARMCC_VERSION)
  39:Generated_Source\PSoC4/cyfitter_cfg.c ****         #define CY_CFG_MEMORY_BARRIER() __memory_changed()
  40:Generated_Source\PSoC4/cyfitter_cfg.c ****     #else
  41:Generated_Source\PSoC4/cyfitter_cfg.c ****         #define CY_CFG_MEMORY_BARRIER() __sync_synchronize()
  42:Generated_Source\PSoC4/cyfitter_cfg.c ****     #endif
  43:Generated_Source\PSoC4/cyfitter_cfg.c ****     
  44:Generated_Source\PSoC4/cyfitter_cfg.c **** #elif defined(__ICCARM__)
  45:Generated_Source\PSoC4/cyfitter_cfg.c ****     #include <intrinsics.h>
  46:Generated_Source\PSoC4/cyfitter_cfg.c **** 
  47:Generated_Source\PSoC4/cyfitter_cfg.c ****     #define CYPACKED __packed
  48:Generated_Source\PSoC4/cyfitter_cfg.c ****     #define CYPACKED_ATTR 
  49:Generated_Source\PSoC4/cyfitter_cfg.c ****     #define CYALIGNED _Pragma("data_alignment=4")
  50:Generated_Source\PSoC4/cyfitter_cfg.c ****     #define CY_CFG_UNUSED _Pragma("diag_suppress=Pe177")
  51:Generated_Source\PSoC4/cyfitter_cfg.c ****     #define CY_CFG_SECTION _Pragma("location=\".psocinit\"")
  52:Generated_Source\PSoC4/cyfitter_cfg.c ****     
  53:Generated_Source\PSoC4/cyfitter_cfg.c ****     #define CY_CFG_MEMORY_BARRIER() __DMB()
  54:Generated_Source\PSoC4/cyfitter_cfg.c ****     
  55:Generated_Source\PSoC4/cyfitter_cfg.c **** #else
  56:Generated_Source\PSoC4/cyfitter_cfg.c ****     #error Unsupported toolchain
  57:Generated_Source\PSoC4/cyfitter_cfg.c **** #endif
  58:Generated_Source\PSoC4/cyfitter_cfg.c **** 
  59:Generated_Source\PSoC4/cyfitter_cfg.c **** #ifndef CYCODE
  60:Generated_Source\PSoC4/cyfitter_cfg.c ****     #define CYCODE
  61:Generated_Source\PSoC4/cyfitter_cfg.c **** #endif
  62:Generated_Source\PSoC4/cyfitter_cfg.c **** #ifndef CYDATA
  63:Generated_Source\PSoC4/cyfitter_cfg.c ****     #define CYDATA
  64:Generated_Source\PSoC4/cyfitter_cfg.c **** #endif
  65:Generated_Source\PSoC4/cyfitter_cfg.c **** #ifndef CYFAR
  66:Generated_Source\PSoC4/cyfitter_cfg.c ****     #define CYFAR
  67:Generated_Source\PSoC4/cyfitter_cfg.c **** #endif
  68:Generated_Source\PSoC4/cyfitter_cfg.c **** #ifndef CYXDATA
  69:Generated_Source\PSoC4/cyfitter_cfg.c ****     #define CYXDATA
  70:Generated_Source\PSoC4/cyfitter_cfg.c **** #endif
  71:Generated_Source\PSoC4/cyfitter_cfg.c **** 
  72:Generated_Source\PSoC4/cyfitter_cfg.c **** 
  73:Generated_Source\PSoC4/cyfitter_cfg.c **** CY_CFG_UNUSED
  74:Generated_Source\PSoC4/cyfitter_cfg.c **** static void CYMEMZERO(void *s, size_t n);
  75:Generated_Source\PSoC4/cyfitter_cfg.c **** CY_CFG_UNUSED
  76:Generated_Source\PSoC4/cyfitter_cfg.c **** static void CYMEMZERO(void *s, size_t n)
  77:Generated_Source\PSoC4/cyfitter_cfg.c **** {
  78:Generated_Source\PSoC4/cyfitter_cfg.c **** 	(void)memset(s, 0, n);
  79:Generated_Source\PSoC4/cyfitter_cfg.c **** }
  80:Generated_Source\PSoC4/cyfitter_cfg.c **** CY_CFG_UNUSED
  81:Generated_Source\PSoC4/cyfitter_cfg.c **** static void CYCONFIGCPY(void *dest, const void *src, size_t n);
  82:Generated_Source\PSoC4/cyfitter_cfg.c **** CY_CFG_UNUSED
  83:Generated_Source\PSoC4/cyfitter_cfg.c **** static void CYCONFIGCPY(void *dest, const void *src, size_t n)
  84:Generated_Source\PSoC4/cyfitter_cfg.c **** {
  85:Generated_Source\PSoC4/cyfitter_cfg.c **** 	(void)memcpy(dest, src, n);
  86:Generated_Source\PSoC4/cyfitter_cfg.c **** }
  87:Generated_Source\PSoC4/cyfitter_cfg.c **** CY_CFG_UNUSED
ARM GAS  C:\Users\ASuarez\AppData\Local\Temp\ccLIJdUc.s 			page 3


  88:Generated_Source\PSoC4/cyfitter_cfg.c **** static void CYCONFIGCPYCODE(void *dest, const void *src, size_t n);
  89:Generated_Source\PSoC4/cyfitter_cfg.c **** CY_CFG_UNUSED
  90:Generated_Source\PSoC4/cyfitter_cfg.c **** static void CYCONFIGCPYCODE(void *dest, const void *src, size_t n)
  91:Generated_Source\PSoC4/cyfitter_cfg.c **** {
  92:Generated_Source\PSoC4/cyfitter_cfg.c **** 	(void)memcpy(dest, src, n);
  93:Generated_Source\PSoC4/cyfitter_cfg.c **** }
  94:Generated_Source\PSoC4/cyfitter_cfg.c **** 
  95:Generated_Source\PSoC4/cyfitter_cfg.c **** 
  96:Generated_Source\PSoC4/cyfitter_cfg.c **** 
  97:Generated_Source\PSoC4/cyfitter_cfg.c **** 
  98:Generated_Source\PSoC4/cyfitter_cfg.c **** /* Clock startup error codes                                                   */
  99:Generated_Source\PSoC4/cyfitter_cfg.c **** #define CYCLOCKSTART_NO_ERROR    0u
 100:Generated_Source\PSoC4/cyfitter_cfg.c **** #define CYCLOCKSTART_XTAL_ERROR  1u
 101:Generated_Source\PSoC4/cyfitter_cfg.c **** #define CYCLOCKSTART_32KHZ_ERROR 2u
 102:Generated_Source\PSoC4/cyfitter_cfg.c **** #define CYCLOCKSTART_PLL_ERROR   3u
 103:Generated_Source\PSoC4/cyfitter_cfg.c **** #define CYCLOCKSTART_FLL_ERROR   4u
 104:Generated_Source\PSoC4/cyfitter_cfg.c **** #define CYCLOCKSTART_WCO_ERROR   5u
 105:Generated_Source\PSoC4/cyfitter_cfg.c **** 
 106:Generated_Source\PSoC4/cyfitter_cfg.c **** 
 107:Generated_Source\PSoC4/cyfitter_cfg.c **** #ifdef CY_NEED_CYCLOCKSTARTUPERROR
 108:Generated_Source\PSoC4/cyfitter_cfg.c **** /*******************************************************************************
 109:Generated_Source\PSoC4/cyfitter_cfg.c **** * Function Name: CyClockStartupError
 110:Generated_Source\PSoC4/cyfitter_cfg.c **** ********************************************************************************
 111:Generated_Source\PSoC4/cyfitter_cfg.c **** * Summary:
 112:Generated_Source\PSoC4/cyfitter_cfg.c **** *  If an error is encountered during clock configuration (crystal startup error,
 113:Generated_Source\PSoC4/cyfitter_cfg.c **** *  PLL lock error, etc.), the system will end up here.  Unless reimplemented by
 114:Generated_Source\PSoC4/cyfitter_cfg.c **** *  the customer, this function will stop in an infinite loop.
 115:Generated_Source\PSoC4/cyfitter_cfg.c **** *
 116:Generated_Source\PSoC4/cyfitter_cfg.c **** * Parameters:
 117:Generated_Source\PSoC4/cyfitter_cfg.c **** *   void
 118:Generated_Source\PSoC4/cyfitter_cfg.c **** *
 119:Generated_Source\PSoC4/cyfitter_cfg.c **** * Return:
 120:Generated_Source\PSoC4/cyfitter_cfg.c **** *   void
 121:Generated_Source\PSoC4/cyfitter_cfg.c **** *
 122:Generated_Source\PSoC4/cyfitter_cfg.c **** *******************************************************************************/
 123:Generated_Source\PSoC4/cyfitter_cfg.c **** CY_CFG_UNUSED
 124:Generated_Source\PSoC4/cyfitter_cfg.c **** static void CyClockStartupError(uint8 errorCode);
 125:Generated_Source\PSoC4/cyfitter_cfg.c **** CY_CFG_UNUSED
 126:Generated_Source\PSoC4/cyfitter_cfg.c **** static void CyClockStartupError(uint8 errorCode)
 127:Generated_Source\PSoC4/cyfitter_cfg.c **** {
 128:Generated_Source\PSoC4/cyfitter_cfg.c ****     /* To remove the compiler warning if errorCode not used.                */
 129:Generated_Source\PSoC4/cyfitter_cfg.c ****     errorCode = errorCode;
 130:Generated_Source\PSoC4/cyfitter_cfg.c **** 
 131:Generated_Source\PSoC4/cyfitter_cfg.c ****     /* If we have a clock startup error (bad MHz crystal, PLL lock, etc.),  */
 132:Generated_Source\PSoC4/cyfitter_cfg.c ****     /* we will end up here to allow the customer to implement something to  */
 133:Generated_Source\PSoC4/cyfitter_cfg.c ****     /* deal with the clock condition.                                       */
 134:Generated_Source\PSoC4/cyfitter_cfg.c **** 
 135:Generated_Source\PSoC4/cyfitter_cfg.c **** #ifdef CY_CFG_CLOCK_STARTUP_ERROR_CALLBACK
 136:Generated_Source\PSoC4/cyfitter_cfg.c ****     CY_CFG_Clock_Startup_ErrorCallback();
 137:Generated_Source\PSoC4/cyfitter_cfg.c **** #else
 138:Generated_Source\PSoC4/cyfitter_cfg.c ****     /*  If not using CY_CFG_CLOCK_STARTUP_ERROR_CALLBACK, place your clock startup code here. */
 139:Generated_Source\PSoC4/cyfitter_cfg.c ****     /* `#START CyClockStartupError` */
 140:Generated_Source\PSoC4/cyfitter_cfg.c **** 
 141:Generated_Source\PSoC4/cyfitter_cfg.c **** 
 142:Generated_Source\PSoC4/cyfitter_cfg.c **** 
 143:Generated_Source\PSoC4/cyfitter_cfg.c ****     /* `#END` */
 144:Generated_Source\PSoC4/cyfitter_cfg.c **** 
ARM GAS  C:\Users\ASuarez\AppData\Local\Temp\ccLIJdUc.s 			page 4


 145:Generated_Source\PSoC4/cyfitter_cfg.c ****     while(1) {}
 146:Generated_Source\PSoC4/cyfitter_cfg.c **** #endif /* CY_CFG_CLOCK_STARTUP_ERROR_CALLBACK */
 147:Generated_Source\PSoC4/cyfitter_cfg.c **** }
 148:Generated_Source\PSoC4/cyfitter_cfg.c **** #endif
 149:Generated_Source\PSoC4/cyfitter_cfg.c **** 
 150:Generated_Source\PSoC4/cyfitter_cfg.c **** 
 151:Generated_Source\PSoC4/cyfitter_cfg.c **** 
 152:Generated_Source\PSoC4/cyfitter_cfg.c **** /*******************************************************************************
 153:Generated_Source\PSoC4/cyfitter_cfg.c **** * Function Name: ClockSetup
 154:Generated_Source\PSoC4/cyfitter_cfg.c **** ********************************************************************************
 155:Generated_Source\PSoC4/cyfitter_cfg.c **** *
 156:Generated_Source\PSoC4/cyfitter_cfg.c **** * Summary:
 157:Generated_Source\PSoC4/cyfitter_cfg.c **** *   Performs the initialization of all of the clocks in the device based on the
 158:Generated_Source\PSoC4/cyfitter_cfg.c **** *   settings in the Clock tab of the DWR.  This includes enabling the requested
 159:Generated_Source\PSoC4/cyfitter_cfg.c **** *   clocks and setting the necessary dividers to produce the desired frequency. 
 160:Generated_Source\PSoC4/cyfitter_cfg.c **** *
 161:Generated_Source\PSoC4/cyfitter_cfg.c **** * Parameters:
 162:Generated_Source\PSoC4/cyfitter_cfg.c **** *   void
 163:Generated_Source\PSoC4/cyfitter_cfg.c **** *
 164:Generated_Source\PSoC4/cyfitter_cfg.c **** * Return:
 165:Generated_Source\PSoC4/cyfitter_cfg.c **** *   void
 166:Generated_Source\PSoC4/cyfitter_cfg.c **** *
 167:Generated_Source\PSoC4/cyfitter_cfg.c **** *******************************************************************************/
 168:Generated_Source\PSoC4/cyfitter_cfg.c **** static void ClockSetup(void);
 169:Generated_Source\PSoC4/cyfitter_cfg.c **** CY_CFG_SECTION
 170:Generated_Source\PSoC4/cyfitter_cfg.c **** static void ClockSetup(void)
 171:Generated_Source\PSoC4/cyfitter_cfg.c **** {
 172:Generated_Source\PSoC4/cyfitter_cfg.c **** 
 173:Generated_Source\PSoC4/cyfitter_cfg.c **** 	/* Set Flash Cycles based on max possible frequency in case a glitch occurs during ClockSetup(). *
 174:Generated_Source\PSoC4/cyfitter_cfg.c **** 	CY_SET_REG32((void CYXDATA *)(CYREG_CPUSS_FLASH_CTL), (0x0012u));
 175:Generated_Source\PSoC4/cyfitter_cfg.c **** 
 176:Generated_Source\PSoC4/cyfitter_cfg.c **** 	/* Start the WCO */
 177:Generated_Source\PSoC4/cyfitter_cfg.c **** 	CySysClkWcoStart();
 178:Generated_Source\PSoC4/cyfitter_cfg.c **** 	CyDelayCycles(12000000u); /* WCO may take up to 500ms to start */
 179:Generated_Source\PSoC4/cyfitter_cfg.c **** 	(void)CySysClkWcoSetPowerMode(CY_SYS_CLK_WCO_LPM);    /* Switch to the low power mode */
 180:Generated_Source\PSoC4/cyfitter_cfg.c **** 
 181:Generated_Source\PSoC4/cyfitter_cfg.c **** 	/* Setup and trim IMO based on desired frequency. */
 182:Generated_Source\PSoC4/cyfitter_cfg.c **** 	CySysClkWriteImoFreq(48u);
 183:Generated_Source\PSoC4/cyfitter_cfg.c **** 	/* CYDEV_CLK_ILO_CONFIG Starting address: CYDEV_CLK_ILO_CONFIG */
 184:Generated_Source\PSoC4/cyfitter_cfg.c **** 	CY_SET_REG32((void *)(CYREG_CLK_ILO_CONFIG), 0x80000006u);
 185:Generated_Source\PSoC4/cyfitter_cfg.c **** 
 186:Generated_Source\PSoC4/cyfitter_cfg.c **** 	/* CYDEV_WDT_CONFIG Starting address: CYDEV_WDT_CONFIG */
 187:Generated_Source\PSoC4/cyfitter_cfg.c **** 	CY_SET_REG32((void *)(CYREG_WDT_CONFIG), 0x40000000u);
 188:Generated_Source\PSoC4/cyfitter_cfg.c **** 
 189:Generated_Source\PSoC4/cyfitter_cfg.c **** 
 190:Generated_Source\PSoC4/cyfitter_cfg.c **** 	/* Enable fast start mode for XO */
 191:Generated_Source\PSoC4/cyfitter_cfg.c **** 	CY_SET_REG32((void*)CYREG_BLE_BLERD_BB_XO, CY_GET_REG32((void*)CYREG_BLE_BLERD_BB_XO) | (uint32)0x
 192:Generated_Source\PSoC4/cyfitter_cfg.c **** 	CY_SET_REG32((void *)(CYREG_BLE_BLERD_BB_XO_CAPTRIM), 0x00003E2Du);
 193:Generated_Source\PSoC4/cyfitter_cfg.c **** 	/*Set XTAL(ECO) divider*/
 194:Generated_Source\PSoC4/cyfitter_cfg.c **** 	CY_SET_REG32((void *)(CYREG_BLE_BLESS_XTAL_CLK_DIV_CONFIG), 0x00000000u);
 195:Generated_Source\PSoC4/cyfitter_cfg.c **** 	/* Disable Crystal Stable Interrupt before enabling ECO */
 196:Generated_Source\PSoC4/cyfitter_cfg.c **** 	CY_SET_REG32((void*)CYREG_BLE_BLESS_LL_DSM_CTRL, CY_GET_REG32((void*)CYREG_BLE_BLESS_LL_DSM_CTRL) 
 197:Generated_Source\PSoC4/cyfitter_cfg.c **** 	/* Start the ECO and do not check status since it is not needed for HFCLK */
 198:Generated_Source\PSoC4/cyfitter_cfg.c **** 	(void)CySysClkEcoStart(2000u);
 199:Generated_Source\PSoC4/cyfitter_cfg.c **** 	CyDelayUs(1500u); /* Wait to stabilize */
 200:Generated_Source\PSoC4/cyfitter_cfg.c **** 
 201:Generated_Source\PSoC4/cyfitter_cfg.c **** 	/* Setup phase aligned clocks */
ARM GAS  C:\Users\ASuarez\AppData\Local\Temp\ccLIJdUc.s 			page 5


 202:Generated_Source\PSoC4/cyfitter_cfg.c **** 
 203:Generated_Source\PSoC4/cyfitter_cfg.c **** 	/* CYDEV_CLK_IMO_CONFIG Starting address: CYDEV_CLK_IMO_CONFIG */
 204:Generated_Source\PSoC4/cyfitter_cfg.c **** 	CY_SET_REG32((void *)(CYREG_CLK_IMO_CONFIG), 0x80000000u);
 205:Generated_Source\PSoC4/cyfitter_cfg.c **** 
 206:Generated_Source\PSoC4/cyfitter_cfg.c **** 	/* CYDEV_CLK_SELECT Starting address: CYDEV_CLK_SELECT */
 207:Generated_Source\PSoC4/cyfitter_cfg.c **** 	CY_SET_REG32((void *)(CYREG_CLK_SELECT), 0x00040000u);
 208:Generated_Source\PSoC4/cyfitter_cfg.c **** 
 209:Generated_Source\PSoC4/cyfitter_cfg.c **** 	(void)CyIntSetVector(8u, &CySysWdtIsr);
 210:Generated_Source\PSoC4/cyfitter_cfg.c **** 	CyIntEnable(8u);
 211:Generated_Source\PSoC4/cyfitter_cfg.c **** 	CY_SET_REG32((void *)(CYREG_WDT_CONFIG), 0x40000000u);
 212:Generated_Source\PSoC4/cyfitter_cfg.c **** }
 213:Generated_Source\PSoC4/cyfitter_cfg.c **** 
 214:Generated_Source\PSoC4/cyfitter_cfg.c **** 
 215:Generated_Source\PSoC4/cyfitter_cfg.c **** /* Analog API Functions */
 216:Generated_Source\PSoC4/cyfitter_cfg.c **** 
 217:Generated_Source\PSoC4/cyfitter_cfg.c **** 
 218:Generated_Source\PSoC4/cyfitter_cfg.c **** /*******************************************************************************
 219:Generated_Source\PSoC4/cyfitter_cfg.c **** * Function Name: AnalogSetDefault
 220:Generated_Source\PSoC4/cyfitter_cfg.c **** ********************************************************************************
 221:Generated_Source\PSoC4/cyfitter_cfg.c **** *
 222:Generated_Source\PSoC4/cyfitter_cfg.c **** * Summary:
 223:Generated_Source\PSoC4/cyfitter_cfg.c **** *  Sets up the analog portions of the chip to default values based on chip
 224:Generated_Source\PSoC4/cyfitter_cfg.c **** *  configuration options from the project.
 225:Generated_Source\PSoC4/cyfitter_cfg.c **** *
 226:Generated_Source\PSoC4/cyfitter_cfg.c **** * Parameters:
 227:Generated_Source\PSoC4/cyfitter_cfg.c **** *  void
 228:Generated_Source\PSoC4/cyfitter_cfg.c **** *
 229:Generated_Source\PSoC4/cyfitter_cfg.c **** * Return:
 230:Generated_Source\PSoC4/cyfitter_cfg.c **** *  void
 231:Generated_Source\PSoC4/cyfitter_cfg.c **** *
 232:Generated_Source\PSoC4/cyfitter_cfg.c **** *******************************************************************************/
 233:Generated_Source\PSoC4/cyfitter_cfg.c **** static void AnalogSetDefault(void);
 234:Generated_Source\PSoC4/cyfitter_cfg.c **** static void AnalogSetDefault(void)
 235:Generated_Source\PSoC4/cyfitter_cfg.c **** {
 236:Generated_Source\PSoC4/cyfitter_cfg.c **** 	CY_SET_XTND_REG32((void CYFAR *)CYREG_CTBM0_DFT_CTRL, 0x00000003u);
 237:Generated_Source\PSoC4/cyfitter_cfg.c **** 	CY_SET_XTND_REG32((void CYFAR *)CYREG_CTBM1_DFT_CTRL, 0x00000003u);
 238:Generated_Source\PSoC4/cyfitter_cfg.c **** 	CY_SET_XTND_REG32((void CYFAR *)CYREG_PASS_DSAB_DSAB_CTRL, 0x00000000u);
 239:Generated_Source\PSoC4/cyfitter_cfg.c **** }
 240:Generated_Source\PSoC4/cyfitter_cfg.c **** 
 241:Generated_Source\PSoC4/cyfitter_cfg.c **** 
 242:Generated_Source\PSoC4/cyfitter_cfg.c **** 
 243:Generated_Source\PSoC4/cyfitter_cfg.c **** 
 244:Generated_Source\PSoC4/cyfitter_cfg.c **** /*******************************************************************************
 245:Generated_Source\PSoC4/cyfitter_cfg.c **** * Function Name: cyfitter_cfg
 246:Generated_Source\PSoC4/cyfitter_cfg.c **** ********************************************************************************
 247:Generated_Source\PSoC4/cyfitter_cfg.c **** * Summary:
 248:Generated_Source\PSoC4/cyfitter_cfg.c **** *  This function is called by the start-up code for the selected device. It
 249:Generated_Source\PSoC4/cyfitter_cfg.c **** *  performs all of the necessary device configuration based on the design
 250:Generated_Source\PSoC4/cyfitter_cfg.c **** *  settings.  This includes settings from the Design Wide Resources (DWR) such
 251:Generated_Source\PSoC4/cyfitter_cfg.c **** *  as Clocks and Pins as well as any component configuration that is necessary.
 252:Generated_Source\PSoC4/cyfitter_cfg.c **** *
 253:Generated_Source\PSoC4/cyfitter_cfg.c **** * Parameters:
 254:Generated_Source\PSoC4/cyfitter_cfg.c **** *   void
 255:Generated_Source\PSoC4/cyfitter_cfg.c **** *
 256:Generated_Source\PSoC4/cyfitter_cfg.c **** * Return:
 257:Generated_Source\PSoC4/cyfitter_cfg.c **** *   void
 258:Generated_Source\PSoC4/cyfitter_cfg.c **** *
ARM GAS  C:\Users\ASuarez\AppData\Local\Temp\ccLIJdUc.s 			page 6


 259:Generated_Source\PSoC4/cyfitter_cfg.c **** *******************************************************************************/
 260:Generated_Source\PSoC4/cyfitter_cfg.c **** CY_CFG_SECTION
 261:Generated_Source\PSoC4/cyfitter_cfg.c **** void cyfitter_cfg(void)
 262:Generated_Source\PSoC4/cyfitter_cfg.c **** {
  28              		.loc 1 262 0
  29              		.cfi_startproc
  30              		@ args = 0, pretend = 0, frame = 0
  31              		@ frame_needed = 0, uses_anonymous_args = 0
  32 0000 F8B5     		push	{r3, r4, r5, r6, r7, lr}
  33              		.cfi_def_cfa_offset 24
  34              		.cfi_offset 3, -24
  35              		.cfi_offset 4, -20
  36              		.cfi_offset 5, -16
  37              		.cfi_offset 6, -12
  38              		.cfi_offset 7, -8
  39              		.cfi_offset 14, -4
 263:Generated_Source\PSoC4/cyfitter_cfg.c **** 	/* Disable interrupts by default. Let user enable if/when they want. */
 264:Generated_Source\PSoC4/cyfitter_cfg.c **** 	CyGlobalIntDisable;
  40              		.loc 1 264 0
  41              		.syntax divided
  42              	@ 264 "Generated_Source\PSoC4\cyfitter_cfg.c" 1
  43 0002 72B6     		CPSID   i
  44              	@ 0 "" 2
  45              		.thumb
  46              		.syntax unified
  47              	.LBB10:
  48              	.LBB11:
  49              	.LBB12:
  50              	.LBB13:
  78:Generated_Source\PSoC4/cyfitter_cfg.c **** }
  51              		.loc 1 78 0
  52 0004 8025     		movs	r5, #128
  53              	.LBE13:
  54              	.LBE12:
  55              	.LBE11:
  56              	.LBE10:
 265:Generated_Source\PSoC4/cyfitter_cfg.c **** 
 266:Generated_Source\PSoC4/cyfitter_cfg.c **** 	CY_SET_REG32((void *)(CYREG_BLE_BLESS_LL_DSM_CTRL), 0x00000000u);
  57              		.loc 1 266 0
  58 0006 0024     		movs	r4, #0
  59 0008 384E     		ldr	r6, .L2
  60              	.LBB20:
  61              	.LBB18:
  62              	.LBB16:
  63              	.LBB14:
  78:Generated_Source\PSoC4/cyfitter_cfg.c **** }
  64              		.loc 1 78 0
  65 000a ED00     		lsls	r5, r5, #3
  66              	.LBE14:
  67              	.LBE16:
  68              	.LBE18:
  69              	.LBE20:
  70              		.loc 1 266 0
  71 000c 3460     		str	r4, [r6]
  72              	.LVL0:
  73              	.LBB21:
  74              	.LBB19:
ARM GAS  C:\Users\ASuarez\AppData\Local\Temp\ccLIJdUc.s 			page 7


  75              	.LBB17:
  76              	.LBB15:
  78:Generated_Source\PSoC4/cyfitter_cfg.c **** }
  77              		.loc 1 78 0
  78 000e 2A00     		movs	r2, r5
  79 0010 2100     		movs	r1, r4
  80 0012 3748     		ldr	r0, .L2+4
  81 0014 FFF7FEFF 		bl	memset
  82              	.LVL1:
  83 0018 2A00     		movs	r2, r5
  84 001a 2100     		movs	r1, r4
  85 001c 3548     		ldr	r0, .L2+8
  86 001e FFF7FEFF 		bl	memset
  87              	.LVL2:
  88              	.LBE15:
  89              	.LBE17:
  90              	.LBE19:
 267:Generated_Source\PSoC4/cyfitter_cfg.c **** 
 268:Generated_Source\PSoC4/cyfitter_cfg.c **** 	{
 269:Generated_Source\PSoC4/cyfitter_cfg.c **** 
 270:Generated_Source\PSoC4/cyfitter_cfg.c **** 		CYPACKED typedef struct {
 271:Generated_Source\PSoC4/cyfitter_cfg.c **** 			void CYFAR *address;
 272:Generated_Source\PSoC4/cyfitter_cfg.c **** 			uint16 size;
 273:Generated_Source\PSoC4/cyfitter_cfg.c **** 		} CYPACKED_ATTR cfg_memset_t;
 274:Generated_Source\PSoC4/cyfitter_cfg.c **** 
 275:Generated_Source\PSoC4/cyfitter_cfg.c **** 		static const cfg_memset_t CYCODE cfg_memset_list[] = {
 276:Generated_Source\PSoC4/cyfitter_cfg.c **** 			/* address, size */
 277:Generated_Source\PSoC4/cyfitter_cfg.c **** 			{(void CYFAR *)(CYDEV_UDB_P0_U0_BASE), 1024u},
 278:Generated_Source\PSoC4/cyfitter_cfg.c **** 			{(void CYFAR *)(CYDEV_UDB_DSI0_BASE), 1024u},
 279:Generated_Source\PSoC4/cyfitter_cfg.c **** 		};
 280:Generated_Source\PSoC4/cyfitter_cfg.c **** 
 281:Generated_Source\PSoC4/cyfitter_cfg.c **** 		uint8 CYDATA i;
 282:Generated_Source\PSoC4/cyfitter_cfg.c **** 
 283:Generated_Source\PSoC4/cyfitter_cfg.c **** 		/* Zero out critical memory blocks before beginning configuration */
 284:Generated_Source\PSoC4/cyfitter_cfg.c **** 		for (i = 0u; i < (sizeof(cfg_memset_list)/sizeof(cfg_memset_list[0])); i++)
 285:Generated_Source\PSoC4/cyfitter_cfg.c **** 		{
 286:Generated_Source\PSoC4/cyfitter_cfg.c **** 			const cfg_memset_t CYCODE * CYDATA ms = &cfg_memset_list[i];
 287:Generated_Source\PSoC4/cyfitter_cfg.c **** 			CYMEMZERO(ms->address, (size_t)(uint32)(ms->size));
 288:Generated_Source\PSoC4/cyfitter_cfg.c **** 		}
 289:Generated_Source\PSoC4/cyfitter_cfg.c **** 
 290:Generated_Source\PSoC4/cyfitter_cfg.c **** 		/* HSIOM Starting address: CYDEV_HSIOM_BASE */
 291:Generated_Source\PSoC4/cyfitter_cfg.c **** 		CY_SET_REG32((void *)(CYDEV_HSIOM_BASE), 0xEE000000u);
  91              		.loc 1 291 0
  92 0022 EE22     		movs	r2, #238
  93 0024 344B     		ldr	r3, .L2+12
  94 0026 1206     		lsls	r2, r2, #24
  95 0028 1A60     		str	r2, [r3]
 292:Generated_Source\PSoC4/cyfitter_cfg.c **** 
 293:Generated_Source\PSoC4/cyfitter_cfg.c **** 		/* UDB_PA_0 Starting address: CYDEV_UDB_PA0_BASE */
 294:Generated_Source\PSoC4/cyfitter_cfg.c **** 		CY_SET_REG32((void *)(CYDEV_UDB_PA0_BASE), 0x00990000u);
  96              		.loc 1 294 0
  97 002a 9923     		movs	r3, #153
 295:Generated_Source\PSoC4/cyfitter_cfg.c **** 
 296:Generated_Source\PSoC4/cyfitter_cfg.c **** 		/* UDB_PA_2 Starting address: CYDEV_UDB_PA2_BASE */
 297:Generated_Source\PSoC4/cyfitter_cfg.c **** 		CY_SET_REG32((void *)(CYDEV_UDB_PA2_BASE), 0x00990000u);
 298:Generated_Source\PSoC4/cyfitter_cfg.c **** 
 299:Generated_Source\PSoC4/cyfitter_cfg.c **** 		/* UDB_PA_3 Starting address: CYDEV_UDB_PA3_BASE */
ARM GAS  C:\Users\ASuarez\AppData\Local\Temp\ccLIJdUc.s 			page 8


 300:Generated_Source\PSoC4/cyfitter_cfg.c **** 		CY_SET_REG32((void *)(CYDEV_UDB_PA3_BASE), 0x00990000u);
 301:Generated_Source\PSoC4/cyfitter_cfg.c **** 
 302:Generated_Source\PSoC4/cyfitter_cfg.c **** 		/* Enable digital routing */
 303:Generated_Source\PSoC4/cyfitter_cfg.c **** 		CY_SET_XTND_REG8((void *)CYREG_UDB_UDBIF_BANK_CTL, (uint8)(CY_GET_XTND_REG8((void *)CYREG_UDB_UDB
  98              		.loc 1 303 0
  99 002c 0621     		movs	r1, #6
 294:Generated_Source\PSoC4/cyfitter_cfg.c **** 
 100              		.loc 1 294 0
 101 002e 334A     		ldr	r2, .L2+16
 102 0030 1B04     		lsls	r3, r3, #16
 103 0032 1360     		str	r3, [r2]
 297:Generated_Source\PSoC4/cyfitter_cfg.c **** 
 104              		.loc 1 297 0
 105 0034 324A     		ldr	r2, .L2+20
 106              	.LBE21:
 107              	.LBB22:
 108              	.LBB23:
 196:Generated_Source\PSoC4/cyfitter_cfg.c **** 	/* Start the ECO and do not check status since it is not needed for HFCLK */
 109              		.loc 1 196 0
 110 0036 0825     		movs	r5, #8
 111              	.LBE23:
 112              	.LBE22:
 113              	.LBB26:
 297:Generated_Source\PSoC4/cyfitter_cfg.c **** 
 114              		.loc 1 297 0
 115 0038 1360     		str	r3, [r2]
 300:Generated_Source\PSoC4/cyfitter_cfg.c **** 
 116              		.loc 1 300 0
 117 003a 324A     		ldr	r2, .L2+24
 118              	.LBE26:
 119              	.LBB27:
 120              	.LBB24:
 187:Generated_Source\PSoC4/cyfitter_cfg.c **** 
 121              		.loc 1 187 0
 122 003c 324F     		ldr	r7, .L2+28
 123              	.LBE24:
 124              	.LBE27:
 125              	.LBB28:
 300:Generated_Source\PSoC4/cyfitter_cfg.c **** 
 126              		.loc 1 300 0
 127 003e 1360     		str	r3, [r2]
 128              		.loc 1 303 0
 129 0040 324A     		ldr	r2, .L2+32
 130              	.LBE28:
 304:Generated_Source\PSoC4/cyfitter_cfg.c **** 	}
 305:Generated_Source\PSoC4/cyfitter_cfg.c **** 
 306:Generated_Source\PSoC4/cyfitter_cfg.c **** 	/* Perform second pass device configuration. These items must be configured in specific order afte
 307:Generated_Source\PSoC4/cyfitter_cfg.c **** 	/* IOPINS0_0 Starting address: CYDEV_GPIO_PRT0_BASE */
 308:Generated_Source\PSoC4/cyfitter_cfg.c **** 	CY_SET_REG32((void *)(CYREG_GPIO_PRT0_PC), 0x00D80000u);
 309:Generated_Source\PSoC4/cyfitter_cfg.c **** 
 310:Generated_Source\PSoC4/cyfitter_cfg.c **** 	/* IOPINS0_2 Starting address: CYDEV_GPIO_PRT2_BASE */
 311:Generated_Source\PSoC4/cyfitter_cfg.c **** 	CY_SET_REG32((void *)(CYDEV_GPIO_PRT2_BASE), 0x00000040u);
 312:Generated_Source\PSoC4/cyfitter_cfg.c **** 	CY_SET_REG32((void *)(CYREG_GPIO_PRT2_PC), 0x00180000u);
 313:Generated_Source\PSoC4/cyfitter_cfg.c **** 
 314:Generated_Source\PSoC4/cyfitter_cfg.c **** 	/* IOPINS0_3 Starting address: CYDEV_GPIO_PRT3_BASE */
 315:Generated_Source\PSoC4/cyfitter_cfg.c **** 	CY_SET_REG32((void *)(CYDEV_GPIO_PRT3_BASE), 0x000000C0u);
 316:Generated_Source\PSoC4/cyfitter_cfg.c **** 	CY_SET_REG32((void *)(CYREG_GPIO_PRT3_PC), 0x00D80000u);
ARM GAS  C:\Users\ASuarez\AppData\Local\Temp\ccLIJdUc.s 			page 9


 317:Generated_Source\PSoC4/cyfitter_cfg.c **** 
 318:Generated_Source\PSoC4/cyfitter_cfg.c **** 
 319:Generated_Source\PSoC4/cyfitter_cfg.c **** 	/* Setup clocks based on selections from Clock DWR */
 320:Generated_Source\PSoC4/cyfitter_cfg.c **** 	ClockSetup();
 321:Generated_Source\PSoC4/cyfitter_cfg.c **** 
 322:Generated_Source\PSoC4/cyfitter_cfg.c **** 	/* Perform basic analog initialization to defaults */
 323:Generated_Source\PSoC4/cyfitter_cfg.c **** 	AnalogSetDefault();
 324:Generated_Source\PSoC4/cyfitter_cfg.c **** 
 325:Generated_Source\PSoC4/cyfitter_cfg.c **** }
 131              		.loc 1 325 0
 132              		@ sp needed
 133              	.LBB29:
 303:Generated_Source\PSoC4/cyfitter_cfg.c **** 	}
 134              		.loc 1 303 0
 135 0042 1378     		ldrb	r3, [r2]
 136 0044 0B43     		orrs	r3, r1
 137 0046 1370     		strb	r3, [r2]
 138              	.LBE29:
 308:Generated_Source\PSoC4/cyfitter_cfg.c **** 
 139              		.loc 1 308 0
 140 0048 D823     		movs	r3, #216
 141 004a 314A     		ldr	r2, .L2+36
 142 004c 1B04     		lsls	r3, r3, #16
 143 004e 1360     		str	r3, [r2]
 311:Generated_Source\PSoC4/cyfitter_cfg.c **** 	CY_SET_REG32((void *)(CYREG_GPIO_PRT2_PC), 0x00180000u);
 144              		.loc 1 311 0
 145 0050 304A     		ldr	r2, .L2+40
 146 0052 3A31     		adds	r1, r1, #58
 147 0054 1160     		str	r1, [r2]
 312:Generated_Source\PSoC4/cyfitter_cfg.c **** 
 148              		.loc 1 312 0
 149 0056 C021     		movs	r1, #192
 150 0058 2F4A     		ldr	r2, .L2+44
 151 005a 4903     		lsls	r1, r1, #13
 152 005c 1160     		str	r1, [r2]
 315:Generated_Source\PSoC4/cyfitter_cfg.c **** 	CY_SET_REG32((void *)(CYREG_GPIO_PRT3_PC), 0x00D80000u);
 153              		.loc 1 315 0
 154 005e C021     		movs	r1, #192
 155 0060 2E4A     		ldr	r2, .L2+48
 156 0062 1160     		str	r1, [r2]
 316:Generated_Source\PSoC4/cyfitter_cfg.c **** 
 157              		.loc 1 316 0
 158 0064 2E4A     		ldr	r2, .L2+52
 159 0066 1360     		str	r3, [r2]
 160              	.LBB30:
 161              	.LBB25:
 174:Generated_Source\PSoC4/cyfitter_cfg.c **** 
 162              		.loc 1 174 0
 163 0068 1222     		movs	r2, #18
 164 006a 2E4B     		ldr	r3, .L2+56
 165 006c 1A60     		str	r2, [r3]
 177:Generated_Source\PSoC4/cyfitter_cfg.c **** 	CyDelayCycles(12000000u); /* WCO may take up to 500ms to start */
 166              		.loc 1 177 0
 167 006e FFF7FEFF 		bl	CySysClkWcoStart
 168              	.LVL3:
 178:Generated_Source\PSoC4/cyfitter_cfg.c **** 	(void)CySysClkWcoSetPowerMode(CY_SYS_CLK_WCO_LPM);    /* Switch to the low power mode */
 169              		.loc 1 178 0
ARM GAS  C:\Users\ASuarez\AppData\Local\Temp\ccLIJdUc.s 			page 10


 170 0072 2D48     		ldr	r0, .L2+60
 171 0074 FFF7FEFF 		bl	CyDelayCycles
 172              	.LVL4:
 179:Generated_Source\PSoC4/cyfitter_cfg.c **** 
 173              		.loc 1 179 0
 174 0078 0120     		movs	r0, #1
 175 007a FFF7FEFF 		bl	CySysClkWcoSetPowerMode
 176              	.LVL5:
 182:Generated_Source\PSoC4/cyfitter_cfg.c **** 	/* CYDEV_CLK_ILO_CONFIG Starting address: CYDEV_CLK_ILO_CONFIG */
 177              		.loc 1 182 0
 178 007e 3020     		movs	r0, #48
 179 0080 FFF7FEFF 		bl	CySysClkWriteImoFreq
 180              	.LVL6:
 184:Generated_Source\PSoC4/cyfitter_cfg.c **** 
 181              		.loc 1 184 0
 182 0084 294A     		ldr	r2, .L2+64
 183 0086 2A4B     		ldr	r3, .L2+68
 191:Generated_Source\PSoC4/cyfitter_cfg.c **** 	CY_SET_REG32((void *)(CYREG_BLE_BLERD_BB_XO_CAPTRIM), 0x00003E2Du);
 184              		.loc 1 191 0
 185 0088 0221     		movs	r1, #2
 184:Generated_Source\PSoC4/cyfitter_cfg.c **** 
 186              		.loc 1 184 0
 187 008a 1A60     		str	r2, [r3]
 187:Generated_Source\PSoC4/cyfitter_cfg.c **** 
 188              		.loc 1 187 0
 189 008c 8023     		movs	r3, #128
 198:Generated_Source\PSoC4/cyfitter_cfg.c **** 	CyDelayUs(1500u); /* Wait to stabilize */
 190              		.loc 1 198 0
 191 008e FA20     		movs	r0, #250
 191:Generated_Source\PSoC4/cyfitter_cfg.c **** 	CY_SET_REG32((void *)(CYREG_BLE_BLERD_BB_XO_CAPTRIM), 0x00003E2Du);
 192              		.loc 1 191 0
 193 0090 284A     		ldr	r2, .L2+72
 187:Generated_Source\PSoC4/cyfitter_cfg.c **** 
 194              		.loc 1 187 0
 195 0092 DB05     		lsls	r3, r3, #23
 196 0094 3B60     		str	r3, [r7]
 191:Generated_Source\PSoC4/cyfitter_cfg.c **** 	CY_SET_REG32((void *)(CYREG_BLE_BLERD_BB_XO_CAPTRIM), 0x00003E2Du);
 197              		.loc 1 191 0
 198 0096 1368     		ldr	r3, [r2]
 198:Generated_Source\PSoC4/cyfitter_cfg.c **** 	CyDelayUs(1500u); /* Wait to stabilize */
 199              		.loc 1 198 0
 200 0098 C000     		lsls	r0, r0, #3
 191:Generated_Source\PSoC4/cyfitter_cfg.c **** 	CY_SET_REG32((void *)(CYREG_BLE_BLERD_BB_XO_CAPTRIM), 0x00003E2Du);
 201              		.loc 1 191 0
 202 009a 0B43     		orrs	r3, r1
 203 009c 1360     		str	r3, [r2]
 192:Generated_Source\PSoC4/cyfitter_cfg.c **** 	/*Set XTAL(ECO) divider*/
 204              		.loc 1 192 0
 205 009e 264A     		ldr	r2, .L2+76
 206 00a0 264B     		ldr	r3, .L2+80
 207 00a2 1A60     		str	r2, [r3]
 194:Generated_Source\PSoC4/cyfitter_cfg.c **** 	/* Disable Crystal Stable Interrupt before enabling ECO */
 208              		.loc 1 194 0
 209 00a4 264B     		ldr	r3, .L2+84
 210 00a6 1C60     		str	r4, [r3]
 196:Generated_Source\PSoC4/cyfitter_cfg.c **** 	/* Start the ECO and do not check status since it is not needed for HFCLK */
 211              		.loc 1 196 0
ARM GAS  C:\Users\ASuarez\AppData\Local\Temp\ccLIJdUc.s 			page 11


 212 00a8 3368     		ldr	r3, [r6]
 213 00aa AB43     		bics	r3, r5
 214 00ac 3360     		str	r3, [r6]
 198:Generated_Source\PSoC4/cyfitter_cfg.c **** 	CyDelayUs(1500u); /* Wait to stabilize */
 215              		.loc 1 198 0
 216 00ae FFF7FEFF 		bl	CySysClkEcoStart
 217              	.LVL7:
 199:Generated_Source\PSoC4/cyfitter_cfg.c **** 
 218              		.loc 1 199 0
 219 00b2 2448     		ldr	r0, .L2+88
 220 00b4 FFF7FEFF 		bl	CyDelayUs
 221              	.LVL8:
 204:Generated_Source\PSoC4/cyfitter_cfg.c **** 
 222              		.loc 1 204 0
 223 00b8 8022     		movs	r2, #128
 224 00ba 234B     		ldr	r3, .L2+92
 225 00bc 1206     		lsls	r2, r2, #24
 226 00be 1A60     		str	r2, [r3]
 207:Generated_Source\PSoC4/cyfitter_cfg.c **** 
 227              		.loc 1 207 0
 228 00c0 8022     		movs	r2, #128
 229 00c2 224B     		ldr	r3, .L2+96
 230 00c4 D202     		lsls	r2, r2, #11
 231 00c6 1A60     		str	r2, [r3]
 209:Generated_Source\PSoC4/cyfitter_cfg.c **** 	CyIntEnable(8u);
 232              		.loc 1 209 0
 233 00c8 2149     		ldr	r1, .L2+100
 234 00ca 2800     		movs	r0, r5
 235 00cc FFF7FEFF 		bl	CyIntSetVector
 236              	.LVL9:
 210:Generated_Source\PSoC4/cyfitter_cfg.c **** 	CY_SET_REG32((void *)(CYREG_WDT_CONFIG), 0x40000000u);
 237              		.loc 1 210 0
 238 00d0 2800     		movs	r0, r5
 239 00d2 FFF7FEFF 		bl	CyIntEnable
 240              	.LVL10:
 211:Generated_Source\PSoC4/cyfitter_cfg.c **** }
 241              		.loc 1 211 0
 242 00d6 8023     		movs	r3, #128
 243 00d8 DB05     		lsls	r3, r3, #23
 244 00da 3B60     		str	r3, [r7]
 245              	.LBE25:
 246              	.LBE30:
 247              	.LBB31:
 248              	.LBB32:
 236:Generated_Source\PSoC4/cyfitter_cfg.c **** 	CY_SET_XTND_REG32((void CYFAR *)CYREG_CTBM1_DFT_CTRL, 0x00000003u);
 249              		.loc 1 236 0
 250 00dc 0323     		movs	r3, #3
 251 00de 1D4A     		ldr	r2, .L2+104
 252 00e0 1360     		str	r3, [r2]
 237:Generated_Source\PSoC4/cyfitter_cfg.c **** 	CY_SET_XTND_REG32((void CYFAR *)CYREG_PASS_DSAB_DSAB_CTRL, 0x00000000u);
 253              		.loc 1 237 0
 254 00e2 1D4A     		ldr	r2, .L2+108
 255 00e4 1360     		str	r3, [r2]
 238:Generated_Source\PSoC4/cyfitter_cfg.c **** }
 256              		.loc 1 238 0
 257 00e6 1D4B     		ldr	r3, .L2+112
 258 00e8 1C60     		str	r4, [r3]
ARM GAS  C:\Users\ASuarez\AppData\Local\Temp\ccLIJdUc.s 			page 12


 259              	.LBE32:
 260              	.LBE31:
 261              		.loc 1 325 0
 262 00ea F8BD     		pop	{r3, r4, r5, r6, r7, pc}
 263              	.L3:
 264              		.align	2
 265              	.L2:
 266 00ec 6CF02E40 		.word	1076818028
 267 00f0 00300F40 		.word	1074737152
 268 00f4 00400F40 		.word	1074741248
 269 00f8 00000240 		.word	1073872896
 270 00fc 00500F40 		.word	1074745344
 271 0100 20500F40 		.word	1074745376
 272 0104 30500F40 		.word	1074745392
 273 0108 0C020B40 		.word	1074463244
 274 010c 00700F40 		.word	1074753536
 275 0110 08000440 		.word	1074003976
 276 0114 00020440 		.word	1074004480
 277 0118 08020440 		.word	1074004488
 278 011c 00030440 		.word	1074004736
 279 0120 08030440 		.word	1074004744
 280 0124 30001040 		.word	1074790448
 281 0128 001BB700 		.word	12000000
 282 012c 06000080 		.word	-2147483642
 283 0130 04010B40 		.word	1074462980
 284 0134 78002E40 		.word	1076756600
 285 0138 2D3E0000 		.word	15917
 286 013c 7C002E40 		.word	1076756604
 287 0140 64F02E40 		.word	1076818020
 288 0144 DC050000 		.word	1500
 289 0148 08010B40 		.word	1074462984
 290 014c 00010B40 		.word	1074462976
 291 0150 00000000 		.word	CySysWdtIsr
 292 0154 30003040 		.word	1076887600
 293 0158 30003140 		.word	1076953136
 294 015c 000E3F40 		.word	1077874176
 295              		.cfi_endproc
 296              	.LFE7:
 297              		.size	cyfitter_cfg, .-cyfitter_cfg
 298              		.text
 299              	.Letext0:
 300              		.file 2 "c:\\program files (x86)\\cypress\\psoc creator\\4.2\\psoc creator\\import\\gnu\\arm\\5.4.
 301              		.file 3 "Generated_Source\\PSoC4\\cytypes.h"
 302              		.file 4 "Generated_Source\\PSoC4\\CyLFClk.h"
 303              		.file 5 "Generated_Source\\PSoC4\\CyLib.h"
 304              		.section	.debug_info,"",%progbits
 305              	.Ldebug_info0:
 306 0000 3A030000 		.4byte	0x33a
 307 0004 0400     		.2byte	0x4
 308 0006 00000000 		.4byte	.Ldebug_abbrev0
 309 000a 04       		.byte	0x4
 310 000b 01       		.uleb128 0x1
 311 000c 17020000 		.4byte	.LASF34
 312 0010 0C       		.byte	0xc
 313 0011 F1010000 		.4byte	.LASF35
 314 0015 96010000 		.4byte	.LASF36
 315 0019 78000000 		.4byte	.Ldebug_ranges0+0x78
ARM GAS  C:\Users\ASuarez\AppData\Local\Temp\ccLIJdUc.s 			page 13


 316 001d 00000000 		.4byte	0
 317 0021 00000000 		.4byte	.Ldebug_line0
 318 0025 02       		.uleb128 0x2
 319 0026 04       		.byte	0x4
 320 0027 05       		.byte	0x5
 321 0028 696E7400 		.ascii	"int\000"
 322 002c 03       		.uleb128 0x3
 323 002d 14000000 		.4byte	.LASF12
 324 0031 02       		.byte	0x2
 325 0032 D8       		.byte	0xd8
 326 0033 37000000 		.4byte	0x37
 327 0037 04       		.uleb128 0x4
 328 0038 04       		.byte	0x4
 329 0039 07       		.byte	0x7
 330 003a FA000000 		.4byte	.LASF0
 331 003e 04       		.uleb128 0x4
 332 003f 08       		.byte	0x8
 333 0040 05       		.byte	0x5
 334 0041 49010000 		.4byte	.LASF1
 335 0045 04       		.uleb128 0x4
 336 0046 08       		.byte	0x8
 337 0047 04       		.byte	0x4
 338 0048 D9010000 		.4byte	.LASF2
 339 004c 04       		.uleb128 0x4
 340 004d 01       		.byte	0x1
 341 004e 06       		.byte	0x6
 342 004f E5010000 		.4byte	.LASF3
 343 0053 04       		.uleb128 0x4
 344 0054 01       		.byte	0x1
 345 0055 08       		.byte	0x8
 346 0056 C4000000 		.4byte	.LASF4
 347 005a 04       		.uleb128 0x4
 348 005b 02       		.byte	0x2
 349 005c 05       		.byte	0x5
 350 005d 77010000 		.4byte	.LASF5
 351 0061 04       		.uleb128 0x4
 352 0062 02       		.byte	0x2
 353 0063 07       		.byte	0x7
 354 0064 56000000 		.4byte	.LASF6
 355 0068 04       		.uleb128 0x4
 356 0069 04       		.byte	0x4
 357 006a 05       		.byte	0x5
 358 006b D0010000 		.4byte	.LASF7
 359 006f 04       		.uleb128 0x4
 360 0070 04       		.byte	0x4
 361 0071 07       		.byte	0x7
 362 0072 91000000 		.4byte	.LASF8
 363 0076 04       		.uleb128 0x4
 364 0077 08       		.byte	0x8
 365 0078 07       		.byte	0x7
 366 0079 1C010000 		.4byte	.LASF9
 367 007d 04       		.uleb128 0x4
 368 007e 04       		.byte	0x4
 369 007f 07       		.byte	0x7
 370 0080 40010000 		.4byte	.LASF10
 371 0084 05       		.uleb128 0x5
 372 0085 04       		.byte	0x4
ARM GAS  C:\Users\ASuarez\AppData\Local\Temp\ccLIJdUc.s 			page 14


 373 0086 04       		.uleb128 0x4
 374 0087 01       		.byte	0x1
 375 0088 08       		.byte	0x8
 376 0089 61010000 		.4byte	.LASF11
 377 008d 06       		.uleb128 0x6
 378 008e A3000000 		.4byte	.LASF13
 379 0092 03       		.byte	0x3
 380 0093 E401     		.2byte	0x1e4
 381 0095 53000000 		.4byte	0x53
 382 0099 06       		.uleb128 0x6
 383 009a EC000000 		.4byte	.LASF14
 384 009e 03       		.byte	0x3
 385 009f E501     		.2byte	0x1e5
 386 00a1 61000000 		.4byte	0x61
 387 00a5 06       		.uleb128 0x6
 388 00a6 F3000000 		.4byte	.LASF15
 389 00aa 03       		.byte	0x3
 390 00ab E601     		.2byte	0x1e6
 391 00ad 6F000000 		.4byte	0x6f
 392 00b1 04       		.uleb128 0x4
 393 00b2 04       		.byte	0x4
 394 00b3 04       		.byte	0x4
 395 00b4 69000000 		.4byte	.LASF16
 396 00b8 04       		.uleb128 0x4
 397 00b9 08       		.byte	0x8
 398 00ba 04       		.byte	0x4
 399 00bb D9000000 		.4byte	.LASF17
 400 00bf 06       		.uleb128 0x6
 401 00c0 8C000000 		.4byte	.LASF18
 402 00c4 03       		.byte	0x3
 403 00c5 8E02     		.2byte	0x28e
 404 00c7 CB000000 		.4byte	0xcb
 405 00cb 07       		.uleb128 0x7
 406 00cc 8D000000 		.4byte	0x8d
 407 00d0 06       		.uleb128 0x6
 408 00d1 0E000000 		.4byte	.LASF19
 409 00d5 03       		.byte	0x3
 410 00d6 9002     		.2byte	0x290
 411 00d8 DC000000 		.4byte	0xdc
 412 00dc 07       		.uleb128 0x7
 413 00dd A5000000 		.4byte	0xa5
 414 00e1 08       		.uleb128 0x8
 415 00e2 BA000000 		.4byte	.LASF37
 416 00e6 01       		.byte	0x1
 417 00e7 4C       		.byte	0x4c
 418 00e8 01       		.byte	0x1
 419 00e9 00010000 		.4byte	0x100
 420 00ed 09       		.uleb128 0x9
 421 00ee 7300     		.ascii	"s\000"
 422 00f0 01       		.byte	0x1
 423 00f1 4C       		.byte	0x4c
 424 00f2 84000000 		.4byte	0x84
 425 00f6 09       		.uleb128 0x9
 426 00f7 6E00     		.ascii	"n\000"
 427 00f9 01       		.byte	0x1
 428 00fa 4C       		.byte	0x4c
 429 00fb 2C000000 		.4byte	0x2c
ARM GAS  C:\Users\ASuarez\AppData\Local\Temp\ccLIJdUc.s 			page 15


 430 00ff 00       		.byte	0
 431 0100 0A       		.uleb128 0xa
 432 0101 1B000000 		.4byte	.LASF20
 433 0105 01       		.byte	0x1
 434 0106 EA       		.byte	0xea
 435 0107 01       		.byte	0x1
 436 0108 0A       		.uleb128 0xa
 437 0109 4B000000 		.4byte	.LASF21
 438 010d 01       		.byte	0x1
 439 010e AA       		.byte	0xaa
 440 010f 01       		.byte	0x1
 441 0110 0B       		.uleb128 0xb
 442 0111 07010000 		.4byte	.LASF38
 443 0115 01       		.byte	0x1
 444 0116 0501     		.2byte	0x105
 445 0118 00000000 		.4byte	.LFB7
 446 011c 60010000 		.4byte	.LFE7-.LFB7
 447 0120 01       		.uleb128 0x1
 448 0121 9C       		.byte	0x9c
 449 0122 DC020000 		.4byte	0x2dc
 450 0126 0C       		.uleb128 0xc
 451 0127 00000000 		.4byte	.Ldebug_ranges0+0
 452 012b 21020000 		.4byte	0x221
 453 012f 0D       		.uleb128 0xd
 454 0130 06       		.byte	0x6
 455 0131 01       		.byte	0x1
 456 0132 0E01     		.2byte	0x10e
 457 0134 53010000 		.4byte	0x153
 458 0138 0E       		.uleb128 0xe
 459 0139 14010000 		.4byte	.LASF22
 460 013d 01       		.byte	0x1
 461 013e 0F01     		.2byte	0x10f
 462 0140 84000000 		.4byte	0x84
 463 0144 00       		.byte	0
 464 0145 0E       		.uleb128 0xe
 465 0146 6F000000 		.4byte	.LASF23
 466 014a 01       		.byte	0x1
 467 014b 1001     		.2byte	0x110
 468 014d 99000000 		.4byte	0x99
 469 0151 04       		.byte	0x4
 470 0152 00       		.byte	0
 471 0153 06       		.uleb128 0x6
 472 0154 33010000 		.4byte	.LASF24
 473 0158 01       		.byte	0x1
 474 0159 1101     		.2byte	0x111
 475 015b 2F010000 		.4byte	0x12f
 476 015f 0F       		.uleb128 0xf
 477 0160 6F010000 		.4byte	0x16f
 478 0164 6F010000 		.4byte	0x16f
 479 0168 10       		.uleb128 0x10
 480 0169 7D000000 		.4byte	0x7d
 481 016d 01       		.byte	0x1
 482 016e 00       		.byte	0
 483 016f 11       		.uleb128 0x11
 484 0170 53010000 		.4byte	0x153
 485 0174 12       		.uleb128 0x12
 486 0175 3B000000 		.4byte	.LASF25
ARM GAS  C:\Users\ASuarez\AppData\Local\Temp\ccLIJdUc.s 			page 16


 487 0179 01       		.byte	0x1
 488 017a 1301     		.2byte	0x113
 489 017c 8D010000 		.4byte	0x18d
 490 0180 0C       		.byte	0xc
 491 0181 00       		.byte	0
 492 0182 30       		.byte	0x30
 493 0183 0F       		.byte	0xf
 494 0184 40       		.byte	0x40
 495 0185 00       		.byte	0
 496 0186 04       		.byte	0x4
 497 0187 00       		.byte	0
 498 0188 40       		.byte	0x40
 499 0189 0F       		.byte	0xf
 500 018a 40       		.byte	0x40
 501 018b 00       		.byte	0
 502 018c 04       		.byte	0x4
 503 018d 11       		.uleb128 0x11
 504 018e 5F010000 		.4byte	0x15f
 505 0192 13       		.uleb128 0x13
 506 0193 6900     		.ascii	"i\000"
 507 0195 01       		.byte	0x1
 508 0196 1901     		.2byte	0x119
 509 0198 8D000000 		.4byte	0x8d
 510 019c 00000000 		.4byte	.LLST0
 511 01a0 14       		.uleb128 0x14
 512 01a1 38000000 		.4byte	.Ldebug_ranges0+0x38
 513 01a5 13       		.uleb128 0x13
 514 01a6 6D7300   		.ascii	"ms\000"
 515 01a9 01       		.byte	0x1
 516 01aa 1E01     		.2byte	0x11e
 517 01ac B4010000 		.4byte	0x1b4
 518 01b0 2C000000 		.4byte	.LLST1
 519 01b4 15       		.uleb128 0x15
 520 01b5 04       		.byte	0x4
 521 01b6 6F010000 		.4byte	0x16f
 522 01ba 16       		.uleb128 0x16
 523 01bb E1000000 		.4byte	0xe1
 524 01bf 04000000 		.4byte	.LBB12
 525 01c3 38000000 		.4byte	.Ldebug_ranges0+0x38
 526 01c7 01       		.byte	0x1
 527 01c8 1F01     		.2byte	0x11f
 528 01ca 17       		.uleb128 0x17
 529 01cb F6000000 		.4byte	0xf6
 530 01cf 54000000 		.4byte	.LLST2
 531 01d3 17       		.uleb128 0x17
 532 01d4 ED000000 		.4byte	0xed
 533 01d8 6A000000 		.4byte	.LLST3
 534 01dc 18       		.uleb128 0x18
 535 01dd 18000000 		.4byte	.LVL1
 536 01e1 DC020000 		.4byte	0x2dc
 537 01e5 FF010000 		.4byte	0x1ff
 538 01e9 19       		.uleb128 0x19
 539 01ea 01       		.uleb128 0x1
 540 01eb 50       		.byte	0x50
 541 01ec 05       		.uleb128 0x5
 542 01ed 0C       		.byte	0xc
 543 01ee 00300F40 		.4byte	0x400f3000
ARM GAS  C:\Users\ASuarez\AppData\Local\Temp\ccLIJdUc.s 			page 17


 544 01f2 19       		.uleb128 0x19
 545 01f3 01       		.uleb128 0x1
 546 01f4 51       		.byte	0x51
 547 01f5 02       		.uleb128 0x2
 548 01f6 74       		.byte	0x74
 549 01f7 00       		.sleb128 0
 550 01f8 19       		.uleb128 0x19
 551 01f9 01       		.uleb128 0x1
 552 01fa 52       		.byte	0x52
 553 01fb 02       		.uleb128 0x2
 554 01fc 75       		.byte	0x75
 555 01fd 00       		.sleb128 0
 556 01fe 00       		.byte	0
 557 01ff 1A       		.uleb128 0x1a
 558 0200 22000000 		.4byte	.LVL2
 559 0204 DC020000 		.4byte	0x2dc
 560 0208 19       		.uleb128 0x19
 561 0209 01       		.uleb128 0x1
 562 020a 50       		.byte	0x50
 563 020b 05       		.uleb128 0x5
 564 020c 0C       		.byte	0xc
 565 020d 00400F40 		.4byte	0x400f4000
 566 0211 19       		.uleb128 0x19
 567 0212 01       		.uleb128 0x1
 568 0213 51       		.byte	0x51
 569 0214 02       		.uleb128 0x2
 570 0215 74       		.byte	0x74
 571 0216 00       		.sleb128 0
 572 0217 19       		.uleb128 0x19
 573 0218 01       		.uleb128 0x1
 574 0219 52       		.byte	0x52
 575 021a 02       		.uleb128 0x2
 576 021b 75       		.byte	0x75
 577 021c 00       		.sleb128 0
 578 021d 00       		.byte	0
 579 021e 00       		.byte	0
 580 021f 00       		.byte	0
 581 0220 00       		.byte	0
 582 0221 1B       		.uleb128 0x1b
 583 0222 08010000 		.4byte	0x108
 584 0226 36000000 		.4byte	.LBB22
 585 022a 58000000 		.4byte	.Ldebug_ranges0+0x58
 586 022e 01       		.byte	0x1
 587 022f 4001     		.2byte	0x140
 588 0231 CB020000 		.4byte	0x2cb
 589 0235 1C       		.uleb128 0x1c
 590 0236 72000000 		.4byte	.LVL3
 591 023a E5020000 		.4byte	0x2e5
 592 023e 18       		.uleb128 0x18
 593 023f 78000000 		.4byte	.LVL4
 594 0243 F0020000 		.4byte	0x2f0
 595 0247 55020000 		.4byte	0x255
 596 024b 19       		.uleb128 0x19
 597 024c 01       		.uleb128 0x1
 598 024d 50       		.byte	0x50
 599 024e 05       		.uleb128 0x5
 600 024f 0C       		.byte	0xc
ARM GAS  C:\Users\ASuarez\AppData\Local\Temp\ccLIJdUc.s 			page 18


 601 0250 001BB700 		.4byte	0xb71b00
 602 0254 00       		.byte	0
 603 0255 18       		.uleb128 0x18
 604 0256 7E000000 		.4byte	.LVL5
 605 025a FB020000 		.4byte	0x2fb
 606 025e 68020000 		.4byte	0x268
 607 0262 19       		.uleb128 0x19
 608 0263 01       		.uleb128 0x1
 609 0264 50       		.byte	0x50
 610 0265 01       		.uleb128 0x1
 611 0266 31       		.byte	0x31
 612 0267 00       		.byte	0
 613 0268 18       		.uleb128 0x18
 614 0269 84000000 		.4byte	.LVL6
 615 026d 06030000 		.4byte	0x306
 616 0271 7C020000 		.4byte	0x27c
 617 0275 19       		.uleb128 0x19
 618 0276 01       		.uleb128 0x1
 619 0277 50       		.byte	0x50
 620 0278 02       		.uleb128 0x2
 621 0279 08       		.byte	0x8
 622 027a 30       		.byte	0x30
 623 027b 00       		.byte	0
 624 027c 18       		.uleb128 0x18
 625 027d B2000000 		.4byte	.LVL7
 626 0281 11030000 		.4byte	0x311
 627 0285 91020000 		.4byte	0x291
 628 0289 19       		.uleb128 0x19
 629 028a 01       		.uleb128 0x1
 630 028b 50       		.byte	0x50
 631 028c 03       		.uleb128 0x3
 632 028d 0A       		.byte	0xa
 633 028e D007     		.2byte	0x7d0
 634 0290 00       		.byte	0
 635 0291 18       		.uleb128 0x18
 636 0292 B8000000 		.4byte	.LVL8
 637 0296 1C030000 		.4byte	0x31c
 638 029a A6020000 		.4byte	0x2a6
 639 029e 19       		.uleb128 0x19
 640 029f 01       		.uleb128 0x1
 641 02a0 50       		.byte	0x50
 642 02a1 03       		.uleb128 0x3
 643 02a2 0A       		.byte	0xa
 644 02a3 DC05     		.2byte	0x5dc
 645 02a5 00       		.byte	0
 646 02a6 18       		.uleb128 0x18
 647 02a7 D0000000 		.4byte	.LVL9
 648 02ab 27030000 		.4byte	0x327
 649 02af BA020000 		.4byte	0x2ba
 650 02b3 19       		.uleb128 0x19
 651 02b4 01       		.uleb128 0x1
 652 02b5 50       		.byte	0x50
 653 02b6 02       		.uleb128 0x2
 654 02b7 75       		.byte	0x75
 655 02b8 00       		.sleb128 0
 656 02b9 00       		.byte	0
 657 02ba 1A       		.uleb128 0x1a
ARM GAS  C:\Users\ASuarez\AppData\Local\Temp\ccLIJdUc.s 			page 19


 658 02bb D6000000 		.4byte	.LVL10
 659 02bf 32030000 		.4byte	0x332
 660 02c3 19       		.uleb128 0x19
 661 02c4 01       		.uleb128 0x1
 662 02c5 50       		.byte	0x50
 663 02c6 02       		.uleb128 0x2
 664 02c7 75       		.byte	0x75
 665 02c8 00       		.sleb128 0
 666 02c9 00       		.byte	0
 667 02ca 00       		.byte	0
 668 02cb 1D       		.uleb128 0x1d
 669 02cc 00010000 		.4byte	0x100
 670 02d0 DC000000 		.4byte	.LBB31
 671 02d4 0E000000 		.4byte	.LBE31-.LBB31
 672 02d8 01       		.byte	0x1
 673 02d9 4301     		.2byte	0x143
 674 02db 00       		.byte	0
 675 02dc 1E       		.uleb128 0x1e
 676 02dd D2000000 		.4byte	.LASF39
 677 02e1 D2000000 		.4byte	.LASF39
 678 02e5 1F       		.uleb128 0x1f
 679 02e6 A9000000 		.4byte	.LASF26
 680 02ea A9000000 		.4byte	.LASF26
 681 02ee 04       		.byte	0x4
 682 02ef 4E       		.byte	0x4e
 683 02f0 1F       		.uleb128 0x1f
 684 02f1 00000000 		.4byte	.LASF27
 685 02f5 00000000 		.4byte	.LASF27
 686 02f9 05       		.byte	0x5
 687 02fa DC       		.byte	0xdc
 688 02fb 1F       		.uleb128 0x1f
 689 02fc 74000000 		.4byte	.LASF28
 690 0300 74000000 		.4byte	.LASF28
 691 0304 04       		.byte	0x4
 692 0305 50       		.byte	0x50
 693 0306 1F       		.uleb128 0x1f
 694 0307 81010000 		.4byte	.LASF29
 695 030b 81010000 		.4byte	.LASF29
 696 030f 05       		.byte	0x5
 697 0310 6C       		.byte	0x6c
 698 0311 1F       		.uleb128 0x1f
 699 0312 66010000 		.4byte	.LASF30
 700 0316 66010000 		.4byte	.LASF30
 701 031a 05       		.byte	0x5
 702 031b 84       		.byte	0x84
 703 031c 1F       		.uleb128 0x1f
 704 031d 57010000 		.4byte	.LASF31
 705 0321 57010000 		.4byte	.LASF31
 706 0325 05       		.byte	0x5
 707 0326 DA       		.byte	0xda
 708 0327 1F       		.uleb128 0x1f
 709 0328 2C000000 		.4byte	.LASF32
 710 032c 2C000000 		.4byte	.LASF32
 711 0330 05       		.byte	0x5
 712 0331 BD       		.byte	0xbd
 713 0332 1F       		.uleb128 0x1f
 714 0333 E0000000 		.4byte	.LASF33
ARM GAS  C:\Users\ASuarez\AppData\Local\Temp\ccLIJdUc.s 			page 20


 715 0337 E0000000 		.4byte	.LASF33
 716 033b 05       		.byte	0x5
 717 033c C3       		.byte	0xc3
 718 033d 00       		.byte	0
 719              		.section	.debug_abbrev,"",%progbits
 720              	.Ldebug_abbrev0:
 721 0000 01       		.uleb128 0x1
 722 0001 11       		.uleb128 0x11
 723 0002 01       		.byte	0x1
 724 0003 25       		.uleb128 0x25
 725 0004 0E       		.uleb128 0xe
 726 0005 13       		.uleb128 0x13
 727 0006 0B       		.uleb128 0xb
 728 0007 03       		.uleb128 0x3
 729 0008 0E       		.uleb128 0xe
 730 0009 1B       		.uleb128 0x1b
 731 000a 0E       		.uleb128 0xe
 732 000b 55       		.uleb128 0x55
 733 000c 17       		.uleb128 0x17
 734 000d 11       		.uleb128 0x11
 735 000e 01       		.uleb128 0x1
 736 000f 10       		.uleb128 0x10
 737 0010 17       		.uleb128 0x17
 738 0011 00       		.byte	0
 739 0012 00       		.byte	0
 740 0013 02       		.uleb128 0x2
 741 0014 24       		.uleb128 0x24
 742 0015 00       		.byte	0
 743 0016 0B       		.uleb128 0xb
 744 0017 0B       		.uleb128 0xb
 745 0018 3E       		.uleb128 0x3e
 746 0019 0B       		.uleb128 0xb
 747 001a 03       		.uleb128 0x3
 748 001b 08       		.uleb128 0x8
 749 001c 00       		.byte	0
 750 001d 00       		.byte	0
 751 001e 03       		.uleb128 0x3
 752 001f 16       		.uleb128 0x16
 753 0020 00       		.byte	0
 754 0021 03       		.uleb128 0x3
 755 0022 0E       		.uleb128 0xe
 756 0023 3A       		.uleb128 0x3a
 757 0024 0B       		.uleb128 0xb
 758 0025 3B       		.uleb128 0x3b
 759 0026 0B       		.uleb128 0xb
 760 0027 49       		.uleb128 0x49
 761 0028 13       		.uleb128 0x13
 762 0029 00       		.byte	0
 763 002a 00       		.byte	0
 764 002b 04       		.uleb128 0x4
 765 002c 24       		.uleb128 0x24
 766 002d 00       		.byte	0
 767 002e 0B       		.uleb128 0xb
 768 002f 0B       		.uleb128 0xb
 769 0030 3E       		.uleb128 0x3e
 770 0031 0B       		.uleb128 0xb
 771 0032 03       		.uleb128 0x3
ARM GAS  C:\Users\ASuarez\AppData\Local\Temp\ccLIJdUc.s 			page 21


 772 0033 0E       		.uleb128 0xe
 773 0034 00       		.byte	0
 774 0035 00       		.byte	0
 775 0036 05       		.uleb128 0x5
 776 0037 0F       		.uleb128 0xf
 777 0038 00       		.byte	0
 778 0039 0B       		.uleb128 0xb
 779 003a 0B       		.uleb128 0xb
 780 003b 00       		.byte	0
 781 003c 00       		.byte	0
 782 003d 06       		.uleb128 0x6
 783 003e 16       		.uleb128 0x16
 784 003f 00       		.byte	0
 785 0040 03       		.uleb128 0x3
 786 0041 0E       		.uleb128 0xe
 787 0042 3A       		.uleb128 0x3a
 788 0043 0B       		.uleb128 0xb
 789 0044 3B       		.uleb128 0x3b
 790 0045 05       		.uleb128 0x5
 791 0046 49       		.uleb128 0x49
 792 0047 13       		.uleb128 0x13
 793 0048 00       		.byte	0
 794 0049 00       		.byte	0
 795 004a 07       		.uleb128 0x7
 796 004b 35       		.uleb128 0x35
 797 004c 00       		.byte	0
 798 004d 49       		.uleb128 0x49
 799 004e 13       		.uleb128 0x13
 800 004f 00       		.byte	0
 801 0050 00       		.byte	0
 802 0051 08       		.uleb128 0x8
 803 0052 2E       		.uleb128 0x2e
 804 0053 01       		.byte	0x1
 805 0054 03       		.uleb128 0x3
 806 0055 0E       		.uleb128 0xe
 807 0056 3A       		.uleb128 0x3a
 808 0057 0B       		.uleb128 0xb
 809 0058 3B       		.uleb128 0x3b
 810 0059 0B       		.uleb128 0xb
 811 005a 27       		.uleb128 0x27
 812 005b 19       		.uleb128 0x19
 813 005c 20       		.uleb128 0x20
 814 005d 0B       		.uleb128 0xb
 815 005e 01       		.uleb128 0x1
 816 005f 13       		.uleb128 0x13
 817 0060 00       		.byte	0
 818 0061 00       		.byte	0
 819 0062 09       		.uleb128 0x9
 820 0063 05       		.uleb128 0x5
 821 0064 00       		.byte	0
 822 0065 03       		.uleb128 0x3
 823 0066 08       		.uleb128 0x8
 824 0067 3A       		.uleb128 0x3a
 825 0068 0B       		.uleb128 0xb
 826 0069 3B       		.uleb128 0x3b
 827 006a 0B       		.uleb128 0xb
 828 006b 49       		.uleb128 0x49
ARM GAS  C:\Users\ASuarez\AppData\Local\Temp\ccLIJdUc.s 			page 22


 829 006c 13       		.uleb128 0x13
 830 006d 00       		.byte	0
 831 006e 00       		.byte	0
 832 006f 0A       		.uleb128 0xa
 833 0070 2E       		.uleb128 0x2e
 834 0071 00       		.byte	0
 835 0072 03       		.uleb128 0x3
 836 0073 0E       		.uleb128 0xe
 837 0074 3A       		.uleb128 0x3a
 838 0075 0B       		.uleb128 0xb
 839 0076 3B       		.uleb128 0x3b
 840 0077 0B       		.uleb128 0xb
 841 0078 27       		.uleb128 0x27
 842 0079 19       		.uleb128 0x19
 843 007a 20       		.uleb128 0x20
 844 007b 0B       		.uleb128 0xb
 845 007c 00       		.byte	0
 846 007d 00       		.byte	0
 847 007e 0B       		.uleb128 0xb
 848 007f 2E       		.uleb128 0x2e
 849 0080 01       		.byte	0x1
 850 0081 3F       		.uleb128 0x3f
 851 0082 19       		.uleb128 0x19
 852 0083 03       		.uleb128 0x3
 853 0084 0E       		.uleb128 0xe
 854 0085 3A       		.uleb128 0x3a
 855 0086 0B       		.uleb128 0xb
 856 0087 3B       		.uleb128 0x3b
 857 0088 05       		.uleb128 0x5
 858 0089 27       		.uleb128 0x27
 859 008a 19       		.uleb128 0x19
 860 008b 11       		.uleb128 0x11
 861 008c 01       		.uleb128 0x1
 862 008d 12       		.uleb128 0x12
 863 008e 06       		.uleb128 0x6
 864 008f 40       		.uleb128 0x40
 865 0090 18       		.uleb128 0x18
 866 0091 9742     		.uleb128 0x2117
 867 0093 19       		.uleb128 0x19
 868 0094 01       		.uleb128 0x1
 869 0095 13       		.uleb128 0x13
 870 0096 00       		.byte	0
 871 0097 00       		.byte	0
 872 0098 0C       		.uleb128 0xc
 873 0099 0B       		.uleb128 0xb
 874 009a 01       		.byte	0x1
 875 009b 55       		.uleb128 0x55
 876 009c 17       		.uleb128 0x17
 877 009d 01       		.uleb128 0x1
 878 009e 13       		.uleb128 0x13
 879 009f 00       		.byte	0
 880 00a0 00       		.byte	0
 881 00a1 0D       		.uleb128 0xd
 882 00a2 13       		.uleb128 0x13
 883 00a3 01       		.byte	0x1
 884 00a4 0B       		.uleb128 0xb
 885 00a5 0B       		.uleb128 0xb
ARM GAS  C:\Users\ASuarez\AppData\Local\Temp\ccLIJdUc.s 			page 23


 886 00a6 3A       		.uleb128 0x3a
 887 00a7 0B       		.uleb128 0xb
 888 00a8 3B       		.uleb128 0x3b
 889 00a9 05       		.uleb128 0x5
 890 00aa 01       		.uleb128 0x1
 891 00ab 13       		.uleb128 0x13
 892 00ac 00       		.byte	0
 893 00ad 00       		.byte	0
 894 00ae 0E       		.uleb128 0xe
 895 00af 0D       		.uleb128 0xd
 896 00b0 00       		.byte	0
 897 00b1 03       		.uleb128 0x3
 898 00b2 0E       		.uleb128 0xe
 899 00b3 3A       		.uleb128 0x3a
 900 00b4 0B       		.uleb128 0xb
 901 00b5 3B       		.uleb128 0x3b
 902 00b6 05       		.uleb128 0x5
 903 00b7 49       		.uleb128 0x49
 904 00b8 13       		.uleb128 0x13
 905 00b9 38       		.uleb128 0x38
 906 00ba 0B       		.uleb128 0xb
 907 00bb 00       		.byte	0
 908 00bc 00       		.byte	0
 909 00bd 0F       		.uleb128 0xf
 910 00be 01       		.uleb128 0x1
 911 00bf 01       		.byte	0x1
 912 00c0 49       		.uleb128 0x49
 913 00c1 13       		.uleb128 0x13
 914 00c2 01       		.uleb128 0x1
 915 00c3 13       		.uleb128 0x13
 916 00c4 00       		.byte	0
 917 00c5 00       		.byte	0
 918 00c6 10       		.uleb128 0x10
 919 00c7 21       		.uleb128 0x21
 920 00c8 00       		.byte	0
 921 00c9 49       		.uleb128 0x49
 922 00ca 13       		.uleb128 0x13
 923 00cb 2F       		.uleb128 0x2f
 924 00cc 0B       		.uleb128 0xb
 925 00cd 00       		.byte	0
 926 00ce 00       		.byte	0
 927 00cf 11       		.uleb128 0x11
 928 00d0 26       		.uleb128 0x26
 929 00d1 00       		.byte	0
 930 00d2 49       		.uleb128 0x49
 931 00d3 13       		.uleb128 0x13
 932 00d4 00       		.byte	0
 933 00d5 00       		.byte	0
 934 00d6 12       		.uleb128 0x12
 935 00d7 34       		.uleb128 0x34
 936 00d8 00       		.byte	0
 937 00d9 03       		.uleb128 0x3
 938 00da 0E       		.uleb128 0xe
 939 00db 3A       		.uleb128 0x3a
 940 00dc 0B       		.uleb128 0xb
 941 00dd 3B       		.uleb128 0x3b
 942 00de 05       		.uleb128 0x5
ARM GAS  C:\Users\ASuarez\AppData\Local\Temp\ccLIJdUc.s 			page 24


 943 00df 49       		.uleb128 0x49
 944 00e0 13       		.uleb128 0x13
 945 00e1 1C       		.uleb128 0x1c
 946 00e2 0A       		.uleb128 0xa
 947 00e3 00       		.byte	0
 948 00e4 00       		.byte	0
 949 00e5 13       		.uleb128 0x13
 950 00e6 34       		.uleb128 0x34
 951 00e7 00       		.byte	0
 952 00e8 03       		.uleb128 0x3
 953 00e9 08       		.uleb128 0x8
 954 00ea 3A       		.uleb128 0x3a
 955 00eb 0B       		.uleb128 0xb
 956 00ec 3B       		.uleb128 0x3b
 957 00ed 05       		.uleb128 0x5
 958 00ee 49       		.uleb128 0x49
 959 00ef 13       		.uleb128 0x13
 960 00f0 02       		.uleb128 0x2
 961 00f1 17       		.uleb128 0x17
 962 00f2 00       		.byte	0
 963 00f3 00       		.byte	0
 964 00f4 14       		.uleb128 0x14
 965 00f5 0B       		.uleb128 0xb
 966 00f6 01       		.byte	0x1
 967 00f7 55       		.uleb128 0x55
 968 00f8 17       		.uleb128 0x17
 969 00f9 00       		.byte	0
 970 00fa 00       		.byte	0
 971 00fb 15       		.uleb128 0x15
 972 00fc 0F       		.uleb128 0xf
 973 00fd 00       		.byte	0
 974 00fe 0B       		.uleb128 0xb
 975 00ff 0B       		.uleb128 0xb
 976 0100 49       		.uleb128 0x49
 977 0101 13       		.uleb128 0x13
 978 0102 00       		.byte	0
 979 0103 00       		.byte	0
 980 0104 16       		.uleb128 0x16
 981 0105 1D       		.uleb128 0x1d
 982 0106 01       		.byte	0x1
 983 0107 31       		.uleb128 0x31
 984 0108 13       		.uleb128 0x13
 985 0109 52       		.uleb128 0x52
 986 010a 01       		.uleb128 0x1
 987 010b 55       		.uleb128 0x55
 988 010c 17       		.uleb128 0x17
 989 010d 58       		.uleb128 0x58
 990 010e 0B       		.uleb128 0xb
 991 010f 59       		.uleb128 0x59
 992 0110 05       		.uleb128 0x5
 993 0111 00       		.byte	0
 994 0112 00       		.byte	0
 995 0113 17       		.uleb128 0x17
 996 0114 05       		.uleb128 0x5
 997 0115 00       		.byte	0
 998 0116 31       		.uleb128 0x31
 999 0117 13       		.uleb128 0x13
ARM GAS  C:\Users\ASuarez\AppData\Local\Temp\ccLIJdUc.s 			page 25


 1000 0118 02       		.uleb128 0x2
 1001 0119 17       		.uleb128 0x17
 1002 011a 00       		.byte	0
 1003 011b 00       		.byte	0
 1004 011c 18       		.uleb128 0x18
 1005 011d 898201   		.uleb128 0x4109
 1006 0120 01       		.byte	0x1
 1007 0121 11       		.uleb128 0x11
 1008 0122 01       		.uleb128 0x1
 1009 0123 31       		.uleb128 0x31
 1010 0124 13       		.uleb128 0x13
 1011 0125 01       		.uleb128 0x1
 1012 0126 13       		.uleb128 0x13
 1013 0127 00       		.byte	0
 1014 0128 00       		.byte	0
 1015 0129 19       		.uleb128 0x19
 1016 012a 8A8201   		.uleb128 0x410a
 1017 012d 00       		.byte	0
 1018 012e 02       		.uleb128 0x2
 1019 012f 18       		.uleb128 0x18
 1020 0130 9142     		.uleb128 0x2111
 1021 0132 18       		.uleb128 0x18
 1022 0133 00       		.byte	0
 1023 0134 00       		.byte	0
 1024 0135 1A       		.uleb128 0x1a
 1025 0136 898201   		.uleb128 0x4109
 1026 0139 01       		.byte	0x1
 1027 013a 11       		.uleb128 0x11
 1028 013b 01       		.uleb128 0x1
 1029 013c 31       		.uleb128 0x31
 1030 013d 13       		.uleb128 0x13
 1031 013e 00       		.byte	0
 1032 013f 00       		.byte	0
 1033 0140 1B       		.uleb128 0x1b
 1034 0141 1D       		.uleb128 0x1d
 1035 0142 01       		.byte	0x1
 1036 0143 31       		.uleb128 0x31
 1037 0144 13       		.uleb128 0x13
 1038 0145 52       		.uleb128 0x52
 1039 0146 01       		.uleb128 0x1
 1040 0147 55       		.uleb128 0x55
 1041 0148 17       		.uleb128 0x17
 1042 0149 58       		.uleb128 0x58
 1043 014a 0B       		.uleb128 0xb
 1044 014b 59       		.uleb128 0x59
 1045 014c 05       		.uleb128 0x5
 1046 014d 01       		.uleb128 0x1
 1047 014e 13       		.uleb128 0x13
 1048 014f 00       		.byte	0
 1049 0150 00       		.byte	0
 1050 0151 1C       		.uleb128 0x1c
 1051 0152 898201   		.uleb128 0x4109
 1052 0155 00       		.byte	0
 1053 0156 11       		.uleb128 0x11
 1054 0157 01       		.uleb128 0x1
 1055 0158 31       		.uleb128 0x31
 1056 0159 13       		.uleb128 0x13
ARM GAS  C:\Users\ASuarez\AppData\Local\Temp\ccLIJdUc.s 			page 26


 1057 015a 00       		.byte	0
 1058 015b 00       		.byte	0
 1059 015c 1D       		.uleb128 0x1d
 1060 015d 1D       		.uleb128 0x1d
 1061 015e 00       		.byte	0
 1062 015f 31       		.uleb128 0x31
 1063 0160 13       		.uleb128 0x13
 1064 0161 11       		.uleb128 0x11
 1065 0162 01       		.uleb128 0x1
 1066 0163 12       		.uleb128 0x12
 1067 0164 06       		.uleb128 0x6
 1068 0165 58       		.uleb128 0x58
 1069 0166 0B       		.uleb128 0xb
 1070 0167 59       		.uleb128 0x59
 1071 0168 05       		.uleb128 0x5
 1072 0169 00       		.byte	0
 1073 016a 00       		.byte	0
 1074 016b 1E       		.uleb128 0x1e
 1075 016c 2E       		.uleb128 0x2e
 1076 016d 00       		.byte	0
 1077 016e 3F       		.uleb128 0x3f
 1078 016f 19       		.uleb128 0x19
 1079 0170 3C       		.uleb128 0x3c
 1080 0171 19       		.uleb128 0x19
 1081 0172 6E       		.uleb128 0x6e
 1082 0173 0E       		.uleb128 0xe
 1083 0174 03       		.uleb128 0x3
 1084 0175 0E       		.uleb128 0xe
 1085 0176 00       		.byte	0
 1086 0177 00       		.byte	0
 1087 0178 1F       		.uleb128 0x1f
 1088 0179 2E       		.uleb128 0x2e
 1089 017a 00       		.byte	0
 1090 017b 3F       		.uleb128 0x3f
 1091 017c 19       		.uleb128 0x19
 1092 017d 3C       		.uleb128 0x3c
 1093 017e 19       		.uleb128 0x19
 1094 017f 6E       		.uleb128 0x6e
 1095 0180 0E       		.uleb128 0xe
 1096 0181 03       		.uleb128 0x3
 1097 0182 0E       		.uleb128 0xe
 1098 0183 3A       		.uleb128 0x3a
 1099 0184 0B       		.uleb128 0xb
 1100 0185 3B       		.uleb128 0x3b
 1101 0186 0B       		.uleb128 0xb
 1102 0187 00       		.byte	0
 1103 0188 00       		.byte	0
 1104 0189 00       		.byte	0
 1105              		.section	.debug_loc,"",%progbits
 1106              	.Ldebug_loc0:
 1107              	.LLST0:
 1108 0000 0E000000 		.4byte	.LVL0
 1109 0004 18000000 		.4byte	.LVL1
 1110 0008 0200     		.2byte	0x2
 1111 000a 30       		.byte	0x30
 1112 000b 9F       		.byte	0x9f
 1113 000c 18000000 		.4byte	.LVL1
ARM GAS  C:\Users\ASuarez\AppData\Local\Temp\ccLIJdUc.s 			page 27


 1114 0010 22000000 		.4byte	.LVL2
 1115 0014 0200     		.2byte	0x2
 1116 0016 31       		.byte	0x31
 1117 0017 9F       		.byte	0x9f
 1118 0018 22000000 		.4byte	.LVL2
 1119 001c 60010000 		.4byte	.LFE7
 1120 0020 0200     		.2byte	0x2
 1121 0022 32       		.byte	0x32
 1122 0023 9F       		.byte	0x9f
 1123 0024 00000000 		.4byte	0
 1124 0028 00000000 		.4byte	0
 1125              	.LLST1:
 1126 002c 0E000000 		.4byte	.LVL0
 1127 0030 18000000 		.4byte	.LVL1
 1128 0034 0600     		.2byte	0x6
 1129 0036 F2       		.byte	0xf2
 1130 0037 74010000 		.4byte	.Ldebug_info0+372
 1131 003b 00       		.sleb128 0
 1132 003c 18000000 		.4byte	.LVL1
 1133 0040 60010000 		.4byte	.LFE7
 1134 0044 0600     		.2byte	0x6
 1135 0046 F2       		.byte	0xf2
 1136 0047 74010000 		.4byte	.Ldebug_info0+372
 1137 004b 06       		.sleb128 6
 1138 004c 00000000 		.4byte	0
 1139 0050 00000000 		.4byte	0
 1140              	.LLST2:
 1141 0054 0E000000 		.4byte	.LVL0
 1142 0058 22000000 		.4byte	.LVL2
 1143 005c 0400     		.2byte	0x4
 1144 005e 0A       		.byte	0xa
 1145 005f 0004     		.2byte	0x400
 1146 0061 9F       		.byte	0x9f
 1147 0062 00000000 		.4byte	0
 1148 0066 00000000 		.4byte	0
 1149              	.LLST3:
 1150 006a 0E000000 		.4byte	.LVL0
 1151 006e 18000000 		.4byte	.LVL1
 1152 0072 0600     		.2byte	0x6
 1153 0074 0C       		.byte	0xc
 1154 0075 00300F40 		.4byte	0x400f3000
 1155 0079 9F       		.byte	0x9f
 1156 007a 18000000 		.4byte	.LVL1
 1157 007e 22000000 		.4byte	.LVL2
 1158 0082 0600     		.2byte	0x6
 1159 0084 0C       		.byte	0xc
 1160 0085 00400F40 		.4byte	0x400f4000
 1161 0089 9F       		.byte	0x9f
 1162 008a 00000000 		.4byte	0
 1163 008e 00000000 		.4byte	0
 1164              		.section	.debug_aranges,"",%progbits
 1165 0000 1C000000 		.4byte	0x1c
 1166 0004 0200     		.2byte	0x2
 1167 0006 00000000 		.4byte	.Ldebug_info0
 1168 000a 04       		.byte	0x4
 1169 000b 00       		.byte	0
 1170 000c 0000     		.2byte	0
ARM GAS  C:\Users\ASuarez\AppData\Local\Temp\ccLIJdUc.s 			page 28


 1171 000e 0000     		.2byte	0
 1172 0010 00000000 		.4byte	.LFB7
 1173 0014 60010000 		.4byte	.LFE7-.LFB7
 1174 0018 00000000 		.4byte	0
 1175 001c 00000000 		.4byte	0
 1176              		.section	.debug_ranges,"",%progbits
 1177              	.Ldebug_ranges0:
 1178 0000 04000000 		.4byte	.LBB10
 1179 0004 06000000 		.4byte	.LBE10
 1180 0008 0A000000 		.4byte	.LBB20
 1181 000c 0C000000 		.4byte	.LBE20
 1182 0010 0E000000 		.4byte	.LBB21
 1183 0014 36000000 		.4byte	.LBE21
 1184 0018 38000000 		.4byte	.LBB26
 1185 001c 3C000000 		.4byte	.LBE26
 1186 0020 3E000000 		.4byte	.LBB28
 1187 0024 42000000 		.4byte	.LBE28
 1188 0028 42000000 		.4byte	.LBB29
 1189 002c 48000000 		.4byte	.LBE29
 1190 0030 00000000 		.4byte	0
 1191 0034 00000000 		.4byte	0
 1192 0038 04000000 		.4byte	.LBB11
 1193 003c 06000000 		.4byte	.LBE11
 1194 0040 0A000000 		.4byte	.LBB18
 1195 0044 0C000000 		.4byte	.LBE18
 1196 0048 0E000000 		.4byte	.LBB19
 1197 004c 22000000 		.4byte	.LBE19
 1198 0050 00000000 		.4byte	0
 1199 0054 00000000 		.4byte	0
 1200 0058 36000000 		.4byte	.LBB22
 1201 005c 38000000 		.4byte	.LBE22
 1202 0060 3C000000 		.4byte	.LBB27
 1203 0064 3E000000 		.4byte	.LBE27
 1204 0068 68000000 		.4byte	.LBB30
 1205 006c DC000000 		.4byte	.LBE30
 1206 0070 00000000 		.4byte	0
 1207 0074 00000000 		.4byte	0
 1208 0078 00000000 		.4byte	.LFB7
 1209 007c 60010000 		.4byte	.LFE7
 1210 0080 00000000 		.4byte	0
 1211 0084 00000000 		.4byte	0
 1212              		.section	.debug_line,"",%progbits
 1213              	.Ldebug_line0:
 1214 0000 64010000 		.section	.debug_str,"MS",%progbits,1
 1214      0200E300 
 1214      00000201 
 1214      FB0E0D00 
 1214      01010101 
 1215              	.LASF27:
 1216 0000 43794465 		.ascii	"CyDelayCycles\000"
 1216      6C617943 
 1216      79636C65 
 1216      7300
 1217              	.LASF19:
 1218 000e 72656733 		.ascii	"reg32\000"
 1218      3200
 1219              	.LASF12:
ARM GAS  C:\Users\ASuarez\AppData\Local\Temp\ccLIJdUc.s 			page 29


 1220 0014 73697A65 		.ascii	"size_t\000"
 1220      5F7400
 1221              	.LASF20:
 1222 001b 416E616C 		.ascii	"AnalogSetDefault\000"
 1222      6F675365 
 1222      74446566 
 1222      61756C74 
 1222      00
 1223              	.LASF32:
 1224 002c 4379496E 		.ascii	"CyIntSetVector\000"
 1224      74536574 
 1224      56656374 
 1224      6F7200
 1225              	.LASF25:
 1226 003b 6366675F 		.ascii	"cfg_memset_list\000"
 1226      6D656D73 
 1226      65745F6C 
 1226      69737400 
 1227              	.LASF21:
 1228 004b 436C6F63 		.ascii	"ClockSetup\000"
 1228      6B536574 
 1228      757000
 1229              	.LASF6:
 1230 0056 73686F72 		.ascii	"short unsigned int\000"
 1230      7420756E 
 1230      7369676E 
 1230      65642069 
 1230      6E7400
 1231              	.LASF16:
 1232 0069 666C6F61 		.ascii	"float\000"
 1232      7400
 1233              	.LASF23:
 1234 006f 73697A65 		.ascii	"size\000"
 1234      00
 1235              	.LASF28:
 1236 0074 43795379 		.ascii	"CySysClkWcoSetPowerMode\000"
 1236      73436C6B 
 1236      57636F53 
 1236      6574506F 
 1236      7765724D 
 1237              	.LASF18:
 1238 008c 72656738 		.ascii	"reg8\000"
 1238      00
 1239              	.LASF8:
 1240 0091 6C6F6E67 		.ascii	"long unsigned int\000"
 1240      20756E73 
 1240      69676E65 
 1240      6420696E 
 1240      7400
 1241              	.LASF13:
 1242 00a3 75696E74 		.ascii	"uint8\000"
 1242      3800
 1243              	.LASF26:
 1244 00a9 43795379 		.ascii	"CySysClkWcoStart\000"
 1244      73436C6B 
 1244      57636F53 
 1244      74617274 
ARM GAS  C:\Users\ASuarez\AppData\Local\Temp\ccLIJdUc.s 			page 30


 1244      00
 1245              	.LASF37:
 1246 00ba 43594D45 		.ascii	"CYMEMZERO\000"
 1246      4D5A4552 
 1246      4F00
 1247              	.LASF4:
 1248 00c4 756E7369 		.ascii	"unsigned char\000"
 1248      676E6564 
 1248      20636861 
 1248      7200
 1249              	.LASF39:
 1250 00d2 6D656D73 		.ascii	"memset\000"
 1250      657400
 1251              	.LASF17:
 1252 00d9 646F7562 		.ascii	"double\000"
 1252      6C6500
 1253              	.LASF33:
 1254 00e0 4379496E 		.ascii	"CyIntEnable\000"
 1254      74456E61 
 1254      626C6500 
 1255              	.LASF14:
 1256 00ec 75696E74 		.ascii	"uint16\000"
 1256      313600
 1257              	.LASF15:
 1258 00f3 75696E74 		.ascii	"uint32\000"
 1258      333200
 1259              	.LASF0:
 1260 00fa 756E7369 		.ascii	"unsigned int\000"
 1260      676E6564 
 1260      20696E74 
 1260      00
 1261              	.LASF38:
 1262 0107 63796669 		.ascii	"cyfitter_cfg\000"
 1262      74746572 
 1262      5F636667 
 1262      00
 1263              	.LASF22:
 1264 0114 61646472 		.ascii	"address\000"
 1264      65737300 
 1265              	.LASF9:
 1266 011c 6C6F6E67 		.ascii	"long long unsigned int\000"
 1266      206C6F6E 
 1266      6720756E 
 1266      7369676E 
 1266      65642069 
 1267              	.LASF24:
 1268 0133 6366675F 		.ascii	"cfg_memset_t\000"
 1268      6D656D73 
 1268      65745F74 
 1268      00
 1269              	.LASF10:
 1270 0140 73697A65 		.ascii	"sizetype\000"
 1270      74797065 
 1270      00
 1271              	.LASF1:
 1272 0149 6C6F6E67 		.ascii	"long long int\000"
 1272      206C6F6E 
ARM GAS  C:\Users\ASuarez\AppData\Local\Temp\ccLIJdUc.s 			page 31


 1272      6720696E 
 1272      7400
 1273              	.LASF31:
 1274 0157 43794465 		.ascii	"CyDelayUs\000"
 1274      6C617955 
 1274      7300
 1275              	.LASF11:
 1276 0161 63686172 		.ascii	"char\000"
 1276      00
 1277              	.LASF30:
 1278 0166 43795379 		.ascii	"CySysClkEcoStart\000"
 1278      73436C6B 
 1278      45636F53 
 1278      74617274 
 1278      00
 1279              	.LASF5:
 1280 0177 73686F72 		.ascii	"short int\000"
 1280      7420696E 
 1280      7400
 1281              	.LASF29:
 1282 0181 43795379 		.ascii	"CySysClkWriteImoFreq\000"
 1282      73436C6B 
 1282      57726974 
 1282      65496D6F 
 1282      46726571 
 1283              	.LASF36:
 1284 0196 433A5C55 		.ascii	"C:\\Users\\ASuarez\\Documents\\PSoC Creator\\Lab1\\"
 1284      73657273 
 1284      5C415375 
 1284      6172657A 
 1284      5C446F63 
 1285 01c3 4C616231 		.ascii	"Lab1_1.cydsn\000"
 1285      5F312E63 
 1285      7964736E 
 1285      00
 1286              	.LASF7:
 1287 01d0 6C6F6E67 		.ascii	"long int\000"
 1287      20696E74 
 1287      00
 1288              	.LASF2:
 1289 01d9 6C6F6E67 		.ascii	"long double\000"
 1289      20646F75 
 1289      626C6500 
 1290              	.LASF3:
 1291 01e5 7369676E 		.ascii	"signed char\000"
 1291      65642063 
 1291      68617200 
 1292              	.LASF35:
 1293 01f1 47656E65 		.ascii	"Generated_Source\\PSoC4\\cyfitter_cfg.c\000"
 1293      72617465 
 1293      645F536F 
 1293      75726365 
 1293      5C50536F 
 1294              	.LASF34:
 1295 0217 474E5520 		.ascii	"GNU C11 5.4.1 20160609 (release) [ARM/embedded-5-br"
 1295      43313120 
 1295      352E342E 
ARM GAS  C:\Users\ASuarez\AppData\Local\Temp\ccLIJdUc.s 			page 32


 1295      31203230 
 1295      31363036 
 1296 024a 616E6368 		.ascii	"anch revision 237715] -mcpu=cortex-m0 -mthumb -g -O"
 1296      20726576 
 1296      6973696F 
 1296      6E203233 
 1296      37373135 
 1297 027d 73202D66 		.ascii	"s -ffunction-sections -ffat-lto-objects\000"
 1297      66756E63 
 1297      74696F6E 
 1297      2D736563 
 1297      74696F6E 
 1298              		.ident	"GCC: (GNU Tools for ARM Embedded Processors) 5.4.1 20160609 (release) [ARM/embedded-5-bran
