Archive member included to satisfy reference by file (symbol)

.\CortexM0\ARM_GCC_541\Debug\MiniProyecto.a(Pin_Rojo.o)
                              .\CortexM0\ARM_GCC_541\Debug\main.o (Pin_Rojo_Write)
.\CortexM0\ARM_GCC_541\Debug\MiniProyecto.a(Pin_Verde.o)
                              .\CortexM0\ARM_GCC_541\Debug\main.o (Pin_Verde_Write)
.\CortexM0\ARM_GCC_541\Debug\MiniProyecto.a(Pin_Azul.o)
                              .\CortexM0\ARM_GCC_541\Debug\main.o (Pin_Azul_Write)
.\CortexM0\ARM_GCC_541\Debug\MiniProyecto.a(CyLib.o)
                              .\CortexM0\ARM_GCC_541\Debug\cyfitter_cfg.o (CyIntEnable)
.\CortexM0\ARM_GCC_541\Debug\MiniProyecto.a(CyLFClk.o)
                              .\CortexM0\ARM_GCC_541\Debug\cyfitter_cfg.o (CySysClkWcoStart)
.\CortexM0\ARM_GCC_541\Debug\MiniProyecto.a(Pin_Zumbador.o)
                              .\CortexM0\ARM_GCC_541\Debug\main.o (Pin_Zumbador_Write)
.\CortexM0\ARM_GCC_541\Debug\MiniProyecto.a(Counter_Int.o)
                              .\CortexM0\ARM_GCC_541\Debug\main.o (Counter_Int_StartEx)
.\CortexM0\ARM_GCC_541\Debug\MiniProyecto.a(Counter.o)
                              .\CortexM0\ARM_GCC_541\Debug\main.o (Counter_ReadCapture)
.\CortexM0\ARM_GCC_541\Debug\MiniProyecto.a(PWM_1.o)
                              .\CortexM0\ARM_GCC_541\Debug\main.o (PWM_1_WriteCompare)
.\CortexM0\ARM_GCC_541\Debug\MiniProyecto.a(Pin_MotorA_R.o)
                              .\CortexM0\ARM_GCC_541\Debug\main.o (Pin_MotorA_R_Write)
.\CortexM0\ARM_GCC_541\Debug\MiniProyecto.a(Pin_MotorA_A.o)
                              .\CortexM0\ARM_GCC_541\Debug\main.o (Pin_MotorA_A_Write)
.\CortexM0\ARM_GCC_541\Debug\MiniProyecto.a(Pin_MotorB_R.o)
                              .\CortexM0\ARM_GCC_541\Debug\main.o (Pin_MotorB_R_Write)
.\CortexM0\ARM_GCC_541\Debug\MiniProyecto.a(Pin_MotorB_A.o)
                              .\CortexM0\ARM_GCC_541\Debug\main.o (Pin_MotorB_A_Write)
.\CortexM0\ARM_GCC_541\Debug\MiniProyecto.a(ADC.o)
                              .\CortexM0\ARM_GCC_541\Debug\main.o (ADC_Start)
.\CortexM0\ARM_GCC_541\Debug\MiniProyecto.a(ADC_INT.o)
                              .\CortexM0\ARM_GCC_541\Debug\MiniProyecto.a(ADC.o) (ADC_ISR)
.\CortexM0\ARM_GCC_541\Debug\MiniProyecto.a(PWM_2.o)
                              .\CortexM0\ARM_GCC_541\Debug\main.o (PWM_2_WriteCompare)
.\CortexM0\ARM_GCC_541\Debug\MiniProyecto.a(PWM_3.o)
                              .\CortexM0\ARM_GCC_541\Debug\main.o (PWM_3_Start)
.\CortexM0\ARM_GCC_541\Debug\MiniProyecto.a(CyBootAsmGnu.o)
                              .\CortexM0\ARM_GCC_541\Debug\cyfitter_cfg.o (CyDelayCycles)
c:/program files (x86)/cypress/psoc creator/4.2/psoc creator/import/gnu/arm/5.4.1/bin/../lib/gcc/arm-none-eabi/5.4.1/armv6-m\libgcc.a(_udivsi3.o)
                              .\CortexM0\ARM_GCC_541\Debug\main.o (__aeabi_uidiv)
c:/program files (x86)/cypress/psoc creator/4.2/psoc creator/import/gnu/arm/5.4.1/bin/../lib/gcc/arm-none-eabi/5.4.1/armv6-m\libgcc.a(_divsi3.o)
                              .\CortexM0\ARM_GCC_541\Debug\MiniProyecto.a(CyLFClk.o) (__aeabi_idiv)
c:/program files (x86)/cypress/psoc creator/4.2/psoc creator/import/gnu/arm/5.4.1/bin/../lib/gcc/arm-none-eabi/5.4.1/armv6-m\libgcc.a(_dvmd_tls.o)
                              c:/program files (x86)/cypress/psoc creator/4.2/psoc creator/import/gnu/arm/5.4.1/bin/../lib/gcc/arm-none-eabi/5.4.1/armv6-m\libgcc.a(_udivsi3.o) (__aeabi_idiv0)
c:/program files (x86)/cypress/psoc creator/4.2/psoc creator/import/gnu/arm/5.4.1/bin/../lib/gcc/arm-none-eabi/5.4.1/armv6-m\libgcc.a(_aeabi_ldivmod.o)
                              .\CortexM0\ARM_GCC_541\Debug\MiniProyecto.a(ADC.o) (__aeabi_ldivmod)
c:/program files (x86)/cypress/psoc creator/4.2/psoc creator/import/gnu/arm/5.4.1/bin/../lib/gcc/arm-none-eabi/5.4.1/armv6-m\libgcc.a(_muldi3.o)
                              .\CortexM0\ARM_GCC_541\Debug\MiniProyecto.a(ADC.o) (__aeabi_lmul)
c:/program files (x86)/cypress/psoc creator/4.2/psoc creator/import/gnu/arm/5.4.1/bin/../lib/gcc/arm-none-eabi/5.4.1/armv6-m\libgcc.a(bpabi.o)
                              c:/program files (x86)/cypress/psoc creator/4.2/psoc creator/import/gnu/arm/5.4.1/bin/../lib/gcc/arm-none-eabi/5.4.1/armv6-m\libgcc.a(_aeabi_ldivmod.o) (__gnu_ldivmod_helper)
c:/program files (x86)/cypress/psoc creator/4.2/psoc creator/import/gnu/arm/5.4.1/bin/../lib/gcc/arm-none-eabi/5.4.1/armv6-m\libgcc.a(divsf3.o)
                              .\CortexM0\ARM_GCC_541\Debug\MiniProyecto.a(ADC.o) (__aeabi_fdiv)
c:/program files (x86)/cypress/psoc creator/4.2/psoc creator/import/gnu/arm/5.4.1/bin/../lib/gcc/arm-none-eabi/5.4.1/armv6-m\libgcc.a(mulsf3.o)
                              .\CortexM0\ARM_GCC_541\Debug\MiniProyecto.a(ADC.o) (__aeabi_fmul)
c:/program files (x86)/cypress/psoc creator/4.2/psoc creator/import/gnu/arm/5.4.1/bin/../lib/gcc/arm-none-eabi/5.4.1/armv6-m\libgcc.a(floatsisf.o)
[...]
Memory Configuration

Name             Origin             Length             Attributes
rom              0x00000000         0x00040000         xr
ram              0x20000000         0x00008000         xrw
*default*        0x00000000         0xffffffff

Linker script and memory map

LOAD c:/program files (x86)/cypress/psoc creator/4.2/psoc creator/import/gnu/arm/5.4.1/bin/../lib/gcc/arm-none-eabi/5.4.1/armv6-m/crti.o
LOAD c:/program files (x86)/cypress/psoc creator/4.2/psoc creator/import/gnu/arm/5.4.1/bin/../lib/gcc/arm-none-eabi/5.4.1/armv6-m/crtbegin.o
LOAD c:/program files (x86)/cypress/psoc creator/4.2/psoc creator/import/gnu/arm/5.4.1/bin/../lib/gcc/arm-none-eabi/5.4.1/../../../../arm-none-eabi/lib/armv6-m/crt0.o
START GROUP
LOAD .\CortexM0\ARM_GCC_541\Debug\main.o
LOAD .\CortexM0\ARM_GCC_541\Debug\cyfitter_cfg.o
LOAD .\CortexM0\ARM_GCC_541\Debug\cymetadata.o
LOAD .\CortexM0\ARM_GCC_541\Debug\Cm0Start.o
LOAD .\CortexM0\ARM_GCC_541\Debug\MiniProyecto.a
END GROUP
START GROUP
LOAD c:/program files (x86)/cypress/psoc creator/4.2/psoc creator/import/gnu/arm/5.4.1/bin/../lib/gcc/arm-none-eabi/5.4.1/armv6-m\libgcc.a
LOAD c:/program files (x86)/cypress/psoc creator/4.2/psoc creator/import/gnu/arm/5.4.1/bin/../lib/gcc/arm-none-eabi/5.4.1/../../../../arm-none-eabi/lib/armv6-m\libg_nano.a
LOAD c:/program files (x86)/cypress/psoc creator/4.2/psoc creator/import/gnu/arm/5.4.1/bin/../lib/gcc/arm-none-eabi/5.4.1/../../../../arm-none-eabi/lib/armv6-m\libc_nano.a
END GROUP
START GROUP
LOAD c:/program files (x86)/cypress/psoc creator/4.2/psoc creator/import/gnu/arm/5.4.1/bin/../lib/gcc/arm-none-eabi/5.4.1/armv6-m\libgcc.a
LOAD c:/program files (x86)/cypress/psoc creator/4.2/psoc creator/import/gnu/arm/5.4.1/bin/../lib/gcc/arm-none-eabi/5.4.1/../../../../arm-none-eabi/lib/armv6-m\libc_nano.a
END GROUP
LOAD c:/program files (x86)/cypress/psoc creator/4.2/psoc creator/import/gnu/arm/5.4.1/bin/../lib/gcc/arm-none-eabi/5.4.1/armv6-m/crtend.o
LOAD c:/program files (x86)/cypress/psoc creator/4.2/psoc creator/import/gnu/arm/5.4.1/bin/../lib/gcc/arm-none-eabi/5.4.1/armv6-m/crtn.o
START GROUP
LOAD c:/program files (x86)/cypress/psoc creator/4.2/psoc creator/import/gnu/arm/5.4.1/bin/../lib/gcc/arm-none-eabi/5.4.1/armv6-m\libgcc.a
LOAD c:/program files (x86)/cypress/psoc creator/4.2/psoc creator/import/gnu/arm/5.4.1/bin/../lib/gcc/arm-none-eabi/5.4.1/../../../../arm-none-eabi/lib/armv6-m\libc.a
LOAD c:/program files (x86)/cypress/psoc creator/4.2/psoc creator/import/gnu/arm/5.4.1/bin/../lib/gcc/arm-none-eabi/5.4.1/../../../../arm-none-eabi/lib/armv6-m\libnosys.a
END GROUP
                0x00000000                CY_APPL_ORIGIN = 0x0
                0x00000100                CY_FLASH_ROW_SIZE = 0x100
                0x00000001                CY_APPL_NUM = 0x1
                0x00000001                CY_APPL_MAX = 0x1
                0x00000040                CY_METADATA_SIZE = 0x40
                0x00000000                CY_APPL_LOADABLE = 0x0
                0x00000000                CY_CHECKSUM_EXCLUDE_SIZE = ALIGN (0x0, CY_FLASH_ROW_SIZE)
                0x00000000                CY_APP_FOR_STACK_AND_COPIER = 0x0
                [!provide]                PROVIDE (__cy_heap_start, _end)
                0x00000001                PROVIDE (__cy_region_num, ((__cy_regions_end - __cy_regions) / 0x10))
                0x20008000                PROVIDE (__cy_stack, (ORIGIN (ram) + LENGTH (ram)))
                [!provide]                PROVIDE (__cy_heap_end, (__cy_stack - 0x800))

.cybootloader   0x00000000        0x0
 *(.cybootloader)
                0x00000000                appl1_start = CY_APPL_ORIGIN?CY_APPL_ORIGIN:ALIGN (CY_FLASH_ROW_SIZE)
                0x0001ff00                appl2_start = (appl1_start + ALIGN ((((LENGTH (rom) - appl1_start) - (0x2 * CY_FLASH_ROW_SIZE)) / 0x2), CY_FLASH_ROW_SIZE))
                0x00000000                appl_start = (CY_APPL_NUM == 0x1)?appl1_start:appl2_start
                0x00000001                cy_project_type_bootloader = (appl_start == 0x0)?0x1:0x0
                0x00000000                cy_project_type_app_for_stack_and_copier = (CY_APP_FOR_STACK_AND_COPIER == 0x1)?0x1:0x0

.text           0x00000000     0x14ec
 CREATE_OBJECT_SYMBOLS
                0x00000000                PROVIDE (__cy_interrupt_vector, RomVectors)
 *(.romvectors)
 .romvectors    0x00000000       0x10 .\CortexM0\ARM_GCC_541\Debug\Cm0Start.o
                0x00000000                RomVectors
                0x00000001                ASSERT ((. != __cy_interrupt_vector), No interrupt vector)
                0x00000001                ASSERT (CY_APPL_ORIGIN?(SIZEOF (.cybootloader) <= CY_APPL_ORIGIN):0x1, Wrong image location)
                0x00000010                PROVIDE (__cy_reset, Reset)
 *(.text.Reset)
 .text.Reset    0x00000010        0x8 .\CortexM0\ARM_GCC_541\Debug\Cm0Start.o
                0x00000010                Reset
                0x00000001                ASSERT ((. != __cy_reset), No reset code)
 *(.psocinit)
 .psocinit      0x00000018      0x260 .\CortexM0\ARM_GCC_541\Debug\cyfitter_cfg.o
                0x0000014c                cyfitter_cfg
                0x00000278                . = MAX (., 0x100)
 *(.text .text.* .gnu.linkonce.t.*)
 .text          0x00000278       0x60 c:/program files (x86)/cypress/psoc creator/4.2/psoc creator/import/gnu/arm/5.4.1/bin/../lib/gcc/arm-none-eabi/5.4.1/armv6-m/crtbegin.o
 .text.Counter_Interruption
                0x000002d8       0x48 .\CortexM0\ARM_GCC_541\Debug\main.o
                0x000002d8                Counter_Interruption
 .text.robot_avanza
                0x00000320       0x3c .\CortexM0\ARM_GCC_541\Debug\main.o
                0x00000320                robot_avanza
 .text.robot_retrocede
                0x0000035c       0x3c .\CortexM0\ARM_GCC_541\Debug\main.o
                0x0000035c                robot_retrocede
 .text.robot_izquierda
                0x00000398       0x3c .\CortexM0\ARM_GCC_541\Debug\main.o
                0x00000398                robot_izquierda
 .text.robot_parada
                0x000003d4       0x3c .\CortexM0\ARM_GCC_541\Debug\main.o
                0x000003d4                robot_parada
 .text.buzzer_pitidoEncendido
                0x00000410        0xc .\CortexM0\ARM_GCC_541\Debug\main.o
                0x00000410                buzzer_pitidoEncendido
 .text.buzzer_pitidoApagado
                0x0000041c        0xc .\CortexM0\ARM_GCC_541\Debug\main.o
                0x0000041c                buzzer_pitidoApagado
 .text.main     0x00000428       0xb8 .\CortexM0\ARM_GCC_541\Debug\main.o
                0x00000428                main
 .text.cfg_write_bytes32
                0x000004e0       0x34 .\CortexM0\ARM_GCC_541\Debug\cyfitter_cfg.o
 .text.CYMEMZERO
                0x00000514        0xc .\CortexM0\ARM_GCC_541\Debug\cyfitter_cfg.o
 .text.SetAnalogRoutingPumps
                0x00000520       0x20 .\CortexM0\ARM_GCC_541\Debug\cyfitter_cfg.o
                0x00000520                SetAnalogRoutingPumps
 .text.AnalogSetDefault
                0x00000540       0x3c .\CortexM0\ARM_GCC_541\Debug\cyfitter_cfg.o
 .text.IntDefaultHandler
                0x0000057c       0x10 .\CortexM0\ARM_GCC_541\Debug\Cm0Start.o
                0x0000057c                IntDefaultHandler
 .text.Start_c  0x0000058c       0x48 .\CortexM0\ARM_GCC_541\Debug\Cm0Start.o
                0x0000058c                Start_c
 .text.initialize_psoc
                0x000005d4       0x4c .\CortexM0\ARM_GCC_541\Debug\Cm0Start.o
                0x000005d4                initialize_psoc
 .text.Pin_Rojo_Write
                0x00000620       0x18 .\CortexM0\ARM_GCC_541\Debug\MiniProyecto.a(Pin_Rojo.o)
                0x00000620                Pin_Rojo_Write
 .text.Pin_Verde_Write
                0x00000638       0x18 .\CortexM0\ARM_GCC_541\Debug\MiniProyecto.a(Pin_Verde.o)
                0x00000638                Pin_Verde_Write
 .text.Pin_Azul_Write
                0x00000650       0x18 .\CortexM0\ARM_GCC_541\Debug\MiniProyecto.a(Pin_Azul.o)
                0x00000650                Pin_Azul_Write
 .text.CySysClkEcoReadStatus
                0x00000668       0x10 .\CortexM0\ARM_GCC_541\Debug\MiniProyecto.a(CyLib.o)
                0x00000668                CySysClkEcoReadStatus
 .text.CyIntEnable
                0x00000678       0x14 .\CortexM0\ARM_GCC_541\Debug\MiniProyecto.a(CyLib.o)
                0x00000678                CyIntEnable
 .text.CyHalt   0x0000068c        0x4 .\CortexM0\ARM_GCC_541\Debug\MiniProyecto.a(CyLib.o)
                0x0000068c                CyHalt
 .text.CyIntSetVector
                0x00000690       0x24 .\CortexM0\ARM_GCC_541\Debug\MiniProyecto.a(CyLib.o)
                0x00000690                CyIntSetVector
 .text.CyIntSetPriority
                0x000006b4       0x4c .\CortexM0\ARM_GCC_541\Debug\MiniProyecto.a(CyLib.o)
                0x000006b4                CyIntSetPriority
 .text.CyDelay  0x00000700       0x30 .\CortexM0\ARM_GCC_541\Debug\MiniProyecto.a(CyLib.o)
                0x00000700                CyDelay
 .text.CyDelayUs
                0x00000730       0x14 .\CortexM0\ARM_GCC_541\Debug\MiniProyecto.a(CyLib.o)
                0x00000730                CyDelayUs
 .text.CySysClkWriteImoFreq
                0x00000744      0x164 .\CortexM0\ARM_GCC_541\Debug\MiniProyecto.a(CyLib.o)
                0x00000744                CySysClkWriteImoFreq
 .text.CySysClkEcoStart
                0x000008a8       0x54 .\CortexM0\ARM_GCC_541\Debug\MiniProyecto.a(CyLib.o)
                0x000008a8                CySysClkEcoStart
 .text.CySysWdtLocked
                0x000008fc       0x14 .\CortexM0\ARM_GCC_541\Debug\MiniProyecto.a(CyLFClk.o)
 .text.CySysClkWcoStart
                0x00000910       0x40 .\CortexM0\ARM_GCC_541\Debug\MiniProyecto.a(CyLFClk.o)
                0x00000910                CySysClkWcoStart
 .text.CySysClkWcoSetPowerMode
                0x00000950       0x80 .\CortexM0\ARM_GCC_541\Debug\MiniProyecto.a(CyLFClk.o)
                0x00000950                CySysClkWcoSetPowerMode
 .text.CySysWdtLock
                0x000009d0       0x1c .\CortexM0\ARM_GCC_541\Debug\MiniProyecto.a(CyLFClk.o)
                0x000009d0                CySysWdtLock
 .text.CySysWdtUnlock
                0x000009ec       0x30 .\CortexM0\ARM_GCC_541\Debug\MiniProyecto.a(CyLFClk.o)
                0x000009ec                CySysWdtUnlock
 .text.CySysWdtClearInterrupt
                0x00000a1c       0x4c .\CortexM0\ARM_GCC_541\Debug\MiniProyecto.a(CyLFClk.o)
                0x00000a1c                CySysWdtClearInterrupt
 .text.CySysWdtIsr
                0x00000a68       0xa4 .\CortexM0\ARM_GCC_541\Debug\MiniProyecto.a(CyLFClk.o)
                0x00000a68                CySysWdtIsr
 .text.Pin_Zumbador_Write
                0x00000b0c       0x18 .\CortexM0\ARM_GCC_541\Debug\MiniProyecto.a(Pin_Zumbador.o)
                0x00000b0c                Pin_Zumbador_Write
 .text.Counter_Int_SetVector
                0x00000b24        0xc .\CortexM0\ARM_GCC_541\Debug\MiniProyecto.a(Counter_Int.o)
                0x00000b24                Counter_Int_SetVector
 .text.Counter_Int_SetPriority
                0x00000b30       0x24 .\CortexM0\ARM_GCC_541\Debug\MiniProyecto.a(Counter_Int.o)
                0x00000b30                Counter_Int_SetPriority
 .text.Counter_Int_Enable
                0x00000b54       0x10 .\CortexM0\ARM_GCC_541\Debug\MiniProyecto.a(Counter_Int.o)
                0x00000b54                Counter_Int_Enable
 .text.Counter_Int_Disable
                0x00000b64       0x10 .\CortexM0\ARM_GCC_541\Debug\MiniProyecto.a(Counter_Int.o)
                0x00000b64                Counter_Int_Disable
 .text.Counter_Int_StartEx
                0x00000b74       0x1c .\CortexM0\ARM_GCC_541\Debug\MiniProyecto.a(Counter_Int.o)
                0x00000b74                Counter_Int_StartEx
 .text.Counter_Enable
                0x00000b90       0x1c .\CortexM0\ARM_GCC_541\Debug\MiniProyecto.a(Counter.o)
                0x00000b90                Counter_Enable
 .text.Counter_WriteCounter
                0x00000bac       0x10 .\CortexM0\ARM_GCC_541\Debug\MiniProyecto.a(Counter.o)
                0x00000bac                Counter_WriteCounter
 .text.Counter_WritePeriod
                0x00000bbc       0x10 .\CortexM0\ARM_GCC_541\Debug\MiniProyecto.a(Counter.o)
                0x00000bbc                Counter_WritePeriod
 .text.Counter_ReadCapture
                0x00000bcc       0x10 .\CortexM0\ARM_GCC_541\Debug\MiniProyecto.a(Counter.o)
                0x00000bcc                Counter_ReadCapture
 .text.Counter_SetInterruptMode
                0x00000bdc        0xc .\CortexM0\ARM_GCC_541\Debug\MiniProyecto.a(Counter.o)
                0x00000bdc                Counter_SetInterruptMode
 .text.Counter_Init
                0x00000be8       0x30 .\CortexM0\ARM_GCC_541\Debug\MiniProyecto.a(Counter.o)
                0x00000be8                Counter_Init
 .text.Counter_Start
                0x00000c18       0x20 .\CortexM0\ARM_GCC_541\Debug\MiniProyecto.a(Counter.o)
                0x00000c18                Counter_Start
 .text.Counter_ClearInterrupt
                0x00000c38        0xc .\CortexM0\ARM_GCC_541\Debug\MiniProyecto.a(Counter.o)
                0x00000c38                Counter_ClearInterrupt
 .text.PWM_1_WriteCounter
                0x00000c44       0x10 .\CortexM0\ARM_GCC_541\Debug\MiniProyecto.a(PWM_1.o)
                0x00000c44                PWM_1_WriteCounter
 .text.PWM_1_WritePeriod
                0x00000c54       0x10 .\CortexM0\ARM_GCC_541\Debug\MiniProyecto.a(PWM_1.o)
                0x00000c54                PWM_1_WritePeriod
 .text.PWM_1_WriteCompare
                0x00000c64       0x10 .\CortexM0\ARM_GCC_541\Debug\MiniProyecto.a(PWM_1.o)
                0x00000c64                PWM_1_WriteCompare
 .text.PWM_1_TriggerCommand
                0x00000c74       0x1c .\CortexM0\ARM_GCC_541\Debug\MiniProyecto.a(PWM_1.o)
                0x00000c74                PWM_1_TriggerCommand
 .text.PWM_1_Enable
                0x00000c90       0x24 .\CortexM0\ARM_GCC_541\Debug\MiniProyecto.a(PWM_1.o)
                0x00000c90                PWM_1_Enable
 .text.PWM_1_SetInterruptMode
                0x00000cb4        0xc .\CortexM0\ARM_GCC_541\Debug\MiniProyecto.a(PWM_1.o)
                0x00000cb4                PWM_1_SetInterruptMode
 .text.PWM_1_Init
                0x00000cc0       0x44 .\CortexM0\ARM_GCC_541\Debug\MiniProyecto.a(PWM_1.o)
                0x00000cc0                PWM_1_Init
 .text.PWM_1_Start
                0x00000d04       0x20 .\CortexM0\ARM_GCC_541\Debug\MiniProyecto.a(PWM_1.o)
                0x00000d04                PWM_1_Start
 .text.Pin_MotorA_R_Write
                0x00000d24       0x18 .\CortexM0\ARM_GCC_541\Debug\MiniProyecto.a(Pin_MotorA_R.o)
                0x00000d24                Pin_MotorA_R_Write
 .text.Pin_MotorA_A_Write
                0x00000d3c       0x18 .\CortexM0\ARM_GCC_541\Debug\MiniProyecto.a(Pin_MotorA_A.o)
                0x00000d3c                Pin_MotorA_A_Write
 .text.Pin_MotorB_R_Write
                0x00000d54       0x18 .\CortexM0\ARM_GCC_541\Debug\MiniProyecto.a(Pin_MotorB_R.o)
                0x00000d54                Pin_MotorB_R_Write
 .text.Pin_MotorB_A_Write
                0x00000d6c       0x18 .\CortexM0\ARM_GCC_541\Debug\MiniProyecto.a(Pin_MotorB_A.o)
                0x00000d6c                Pin_MotorB_A_Write
 .text.ADC_Init
                0x00000d84       0xfc .\CortexM0\ARM_GCC_541\Debug\MiniProyecto.a(ADC.o)
                0x00000d84                ADC_Init
 .text.ADC_Enable
                0x00000e80       0x30 .\CortexM0\ARM_GCC_541\Debug\MiniProyecto.a(ADC.o)
                0x00000e80                ADC_Enable
 .text.ADC_Start
                0x00000eb0       0x20 .\CortexM0\ARM_GCC_541\Debug\MiniProyecto.a(ADC.o)
                0x00000eb0                ADC_Start
 .text.ADC_StartConvert
                0x00000ed0       0x14 .\CortexM0\ARM_GCC_541\Debug\MiniProyecto.a(ADC.o)
                0x00000ed0                ADC_StartConvert
 .text.ADC_StopConvert
                0x00000ee4       0x14 .\CortexM0\ARM_GCC_541\Debug\MiniProyecto.a(ADC.o)
                0x00000ee4                ADC_StopConvert
 .text.ADC_IsEndConversion
                0x00000ef8       0x28 .\CortexM0\ARM_GCC_541\Debug\MiniProyecto.a(ADC.o)
                0x00000ef8                ADC_IsEndConversion
 .text.ADC_GetResult16
                0x00000f20       0x2c .\CortexM0\ARM_GCC_541\Debug\MiniProyecto.a(ADC.o)
                0x00000f20                ADC_GetResult16
 .text.ADC_CountsTo_mVolts
                0x00000f4c       0x5c .\CortexM0\ARM_GCC_541\Debug\MiniProyecto.a(ADC.o)
                0x00000f4c                ADC_CountsTo_mVolts
 .text.ADC_ISR  0x00000fa8        0xc .\CortexM0\ARM_GCC_541\Debug\MiniProyecto.a(ADC_INT.o)
                0x00000fa8                ADC_ISR
 .text.PWM_2_WriteCounter
                0x00000fb4       0x10 .\CortexM0\ARM_GCC_541\Debug\MiniProyecto.a(PWM_2.o)
                0x00000fb4                PWM_2_WriteCounter
 .text.PWM_2_WritePeriod
                0x00000fc4       0x10 .\CortexM0\ARM_GCC_541\Debug\MiniProyecto.a(PWM_2.o)
                0x00000fc4                PWM_2_WritePeriod
 .text.PWM_2_WriteCompare
                0x00000fd4       0x10 .\CortexM0\ARM_GCC_541\Debug\MiniProyecto.a(PWM_2.o)
                0x00000fd4                PWM_2_WriteCompare
 .text.PWM_2_TriggerCommand
                0x00000fe4       0x1c .\CortexM0\ARM_GCC_541\Debug\MiniProyecto.a(PWM_2.o)
                0x00000fe4                PWM_2_TriggerCommand
 .text.PWM_2_Enable
                0x00001000       0x24 .\CortexM0\ARM_GCC_541\Debug\MiniProyecto.a(PWM_2.o)
                0x00001000                PWM_2_Enable
 .text.PWM_2_SetInterruptMode
                0x00001024        0xc .\CortexM0\ARM_GCC_541\Debug\MiniProyecto.a(PWM_2.o)
                0x00001024                PWM_2_SetInterruptMode
 .text.PWM_2_Init
                0x00001030       0x44 .\CortexM0\ARM_GCC_541\Debug\MiniProyecto.a(PWM_2.o)
                0x00001030                PWM_2_Init
 .text.PWM_2_Start
                0x00001074       0x20 .\CortexM0\ARM_GCC_541\Debug\MiniProyecto.a(PWM_2.o)
                0x00001074                PWM_2_Start
 .text.PWM_3_WriteCounter
                0x00001094       0x10 .\CortexM0\ARM_GCC_541\Debug\MiniProyecto.a(PWM_3.o)
                0x00001094                PWM_3_WriteCounter
 .text.PWM_3_WritePeriod
                0x000010a4       0x10 .\CortexM0\ARM_GCC_541\Debug\MiniProyecto.a(PWM_3.o)
                0x000010a4                PWM_3_WritePeriod
 .text.PWM_3_WriteCompare
                0x000010b4       0x10 .\CortexM0\ARM_GCC_541\Debug\MiniProyecto.a(PWM_3.o)
                0x000010b4                PWM_3_WriteCompare
 .text.PWM_3_TriggerCommand
                0x000010c4       0x1c .\CortexM0\ARM_GCC_541\Debug\MiniProyecto.a(PWM_3.o)
                0x000010c4                PWM_3_TriggerCommand
 .text.PWM_3_Enable
                0x000010e0       0x24 .\CortexM0\ARM_GCC_541\Debug\MiniProyecto.a(PWM_3.o)
                0x000010e0                PWM_3_Enable
 .text.PWM_3_SetInterruptMode
                0x00001104        0xc .\CortexM0\ARM_GCC_541\Debug\MiniProyecto.a(PWM_3.o)
                0x00001104                PWM_3_SetInterruptMode
 .text.PWM_3_Init
                0x00001110       0x48 .\CortexM0\ARM_GCC_541\Debug\MiniProyecto.a(PWM_3.o)
                0x00001110                PWM_3_Init
 .text.PWM_3_Start
                0x00001158       0x20 .\CortexM0\ARM_GCC_541\Debug\MiniProyecto.a(PWM_3.o)
                0x00001158                PWM_3_Start
 .text          0x00001178       0x20 .\CortexM0\ARM_GCC_541\Debug\MiniProyecto.a(CyBootAsmGnu.o)
                0x00001178                CyDelayCycles
                0x0000118a                CyEnterCriticalSection
                0x00001192                CyExitCriticalSection
 .text          0x00001198      0x114 c:/program files (x86)/cypress/psoc creator/4.2/psoc creator/import/gnu/arm/5.4.1/bin/../lib/gcc/arm-none-eabi/5.4.1/armv6-m\libgcc.a(_udivsi3.o)
                0x00001198                __aeabi_uidiv
                0x00001198                __udivsi3
                0x000012a4                __aeabi_uidivmod
 .text          0x000012ac      0x1d4 c:/program files (x86)/cypress/psoc creator/4.2/psoc creator/import/gnu/arm/5.4.1/bin/../lib/gcc/arm-none-eabi/5.4.1/armv6-m\libgcc.a(_divsi3.o)
                0x000012ac                __divsi3
                0x000012ac                __aeabi_idiv
                0x00001478                __aeabi_idivmod
 .text          0x00001480        0x4 c:/program files (x86)/cypress/psoc creator/4.2/psoc creator/import/gnu/arm/5.4.1/bin/../lib/gcc/arm-none-eabi/5.4.1/armv6-m\libgcc.a(_dvmd_tls.o)
                0x00001480                __aeabi_idiv0
                0x00001480                __aeabi_ldiv0
 .text.__errno  0x00001484        0xc c:/program files (x86)/cypress/psoc creator/4.2/psoc creator/import/gnu/arm/5.4.1/bin/../lib/gcc/arm-none-eabi/5.4.1/../../../../arm-none-eabi/lib/armv6-m\libg_nano.a(lib_a-errno.o)
                0x00001484                __errno
 .text.__libc_init_array
                0x00001490       0x4c c:/program files (x86)/cypress/psoc creator/4.2/psoc creator/import/gnu/arm/5.4.1/bin/../lib/gcc/arm-none-eabi/5.4.1/../../../../arm-none-eabi/lib/armv6-m\libg_nano.a(lib_a-init.o)
                0x00001490                __libc_init_array
 .text.memset   0x000014dc       0x10 c:/program files (x86)/cypress/psoc creator/4.2/psoc creator/import/gnu/arm/5.4.1/bin/../lib/gcc/arm-none-eabi/5.4.1/../../../../arm-none-eabi/lib/armv6-m\libg_nano.a(lib_a-memset.o)
                0x000014dc                memset
 *(.plt)
 *(.gnu.warning)
 *(.glue_7t)
 .glue_7t       0x000014ec        0x0 linker stubs
 *(.glue_7)
 .glue_7        0x000014ec        0x0 linker stubs
 *(.vfp11_veneer)
 .vfp11_veneer  0x000014ec        0x0 linker stubs
 *(.bootloader)
 *(.ARM.extab* .gnu.linkonce.armextab.*)
 *(.gcc_except_table)

.v4_bx          0x000014ec        0x0
 .v4_bx         0x000014ec        0x0 linker stubs

.iplt           0x000014ec        0x0
 .iplt          0x000014ec        0x0 c:/program files (x86)/cypress/psoc creator/4.2/psoc creator/import/gnu/arm/5.4.1/bin/../lib/gcc/arm-none-eabi/5.4.1/armv6-m/crtbegin.o

.eh_frame_hdr
 *(.eh_frame_hdr)

.eh_frame       0x000014ec        0x4
 *(.eh_frame)
 .eh_frame      0x000014ec        0x0 c:/program files (x86)/cypress/psoc creator/4.2/psoc creator/import/gnu/arm/5.4.1/bin/../lib/gcc/arm-none-eabi/5.4.1/armv6-m/crtbegin.o
 .eh_frame      0x000014ec        0x4 c:/program files (x86)/cypress/psoc creator/4.2/psoc creator/import/gnu/arm/5.4.1/bin/../lib/gcc/arm-none-eabi/5.4.1/armv6-m/crtend.o
                [!provide]                PROVIDE (__exidx_start, .)

.ARM.exidx
 *(.ARM.exidx* .gnu.linkonce.armexidx.*)
                0x000014f0                __exidx_end = .

.rodata         0x000014f0       0xc8
 *(.rodata .rodata.* .gnu.linkonce.r.*)
 .rodata        0x000014f0       0x60 .\CortexM0\ARM_GCC_541\Debug\cyfitter_cfg.o
 .rodata        0x00001550       0x2e .\CortexM0\ARM_GCC_541\Debug\MiniProyecto.a(CyLib.o)
                0x00001550                cyImoFreqMhz2Reg
 .rodata.str1.1
                0x0000157e        0x2 c:/program files (x86)/cypress/psoc creator/4.2/psoc creator/import/gnu/arm/5.4.1/bin/../lib/gcc/arm-none-eabi/5.4.1/../../../../arm-none-eabi/lib/armv6-m\libg_nano.a(lib_a-impure.o)
                0x00001580                . = ALIGN (0x4)
 *(.init)
 .init          0x00001580        0x4 c:/program files (x86)/cypress/psoc creator/4.2/psoc creator/import/gnu/arm/5.4.1/bin/../lib/gcc/arm-none-eabi/5.4.1/armv6-m/crti.o
                0x00001580                _init
 .init          0x00001584        0x8 c:/program files (x86)/cypress/psoc creator/4.2/psoc creator/import/gnu/arm/5.4.1/bin/../lib/gcc/arm-none-eabi/5.4.1/armv6-m/crtn.o
                0x0000158c                . = ALIGN (0x4)
                0x0000158c                __preinit_array_start = .
 *(.preinit_array)
                0x0000158c                __preinit_array_end = .
                0x0000158c                . = ALIGN (0x4)
                0x0000158c                __init_array_start = .
 *(SORT(.init_array.*))
 *(.init_array)
 .init_array    0x0000158c        0x4 c:/program files (x86)/cypress/psoc creator/4.2/psoc creator/import/gnu/arm/5.4.1/bin/../lib/gcc/arm-none-eabi/5.4.1/armv6-m/crtbegin.o
 .init_array    0x00001590        0x4 .\CortexM0\ARM_GCC_541\Debug\Cm0Start.o
                0x00001594                __init_array_end = .
                0x00001594                . = ALIGN (0x4)
 *(.fini)
 .fini          0x00001594        0x4 c:/program files (x86)/cypress/psoc creator/4.2/psoc creator/import/gnu/arm/5.4.1/bin/../lib/gcc/arm-none-eabi/5.4.1/armv6-m/crti.o
                0x00001594                _fini
 .fini          0x00001598        0x8 c:/program files (x86)/cypress/psoc creator/4.2/psoc creator/import/gnu/arm/5.4.1/bin/../lib/gcc/arm-none-eabi/5.4.1/armv6-m/crtn.o
                0x000015a0                . = ALIGN (0x4)
                0x000015a0                __fini_array_start = .
 *(.fini_array)
 .fini_array    0x000015a0        0x4 c:/program files (x86)/cypress/psoc creator/4.2/psoc creator/import/gnu/arm/5.4.1/bin/../lib/gcc/arm-none-eabi/5.4.1/armv6-m/crtbegin.o
 *(SORT(.fini_array.*))
                0x000015a4                __fini_array_end = .
                0x000015a4                . = ALIGN (0x4)
 *crtbegin.o(.ctors)
 *(EXCLUDE_FILE(*crtend.o) .ctors)
 *(SORT(.ctors.*))
 *crtend.o(.ctors)
                0x000015a4                . = ALIGN (0x4)
 *crtbegin.o(.dtors)
 *(EXCLUDE_FILE(*crtend.o) .dtors)
 *(SORT(.dtors.*))
 *crtend.o(.dtors)
                0x000015a4                . = ALIGN (0x4)
                0x000015a4                __cy_regions = .
                0x000015a4        0x4 LONG 0x15b8 __cy_region_init_ram
                0x000015a8        0x4 LONG 0x200000c0 __cy_region_start_data
                0x000015ac        0x4 LONG 0x88 __cy_region_init_size_ram
                0x000015b0        0x4 LONG 0x60 __cy_region_zero_size_ram
                0x000015b4                __cy_regions_end = .
                0x000015b8                . = ALIGN (0x8)
 *fill*         0x000015b4        0x4 
                0x000015b8                _etext = .

.cy_checksum_exclude
                0x000015b8        0x0
 *(.cy_checksum_exclude)

.ramvectors     0x20000000       0xc0
                0x20000000                __cy_region_start_ram = .
 *(.ramvectors)
 .ramvectors    0x20000000       0xc0 .\CortexM0\ARM_GCC_541\Debug\Cm0Start.o
                0x20000000                CyRamVectors

.noinit
 *(.noinit)

.data           0x200000c0       0x88 load address 0x000015b8
                0x200000c0                __cy_region_start_data = .
 *(.jcr)
 .jcr           0x200000c0        0x0 c:/program files (x86)/cypress/psoc creator/4.2/psoc creator/import/gnu/arm/5.4.1/bin/../lib/gcc/arm-none-eabi/5.4.1/armv6-m/crtbegin.o
 .jcr           0x200000c0        0x4 c:/program files (x86)/cypress/psoc creator/4.2/psoc creator/import/gnu/arm/5.4.1/bin/../lib/gcc/arm-none-eabi/5.4.1/armv6-m/crtend.o
 *(.got.plt)
 *(.got)
 *(.shdata)
 *(.data .data.* .gnu.linkonce.d.*)
 .data          0x200000c4        0x4 .\CortexM0\ARM_GCC_541\Debug\main.o
                0x200000c4                distancia_cambio
                0x200000c6                max_s_contador
 .data          0x200000c8       0x14 .\CortexM0\ARM_GCC_541\Debug\MiniProyecto.a(CyLib.o)
                0x200000c8                CySysClkPumpConfig
                0x200000cc                cydelay32kMs
                0x200000d0                cydelayFreqKhz
                0x200000d4                cydelayFreqMhz
                0x200000d8                cydelayFreqHz
 .data          0x200000dc        0x8 .\CortexM0\ARM_GCC_541\Debug\MiniProyecto.a(CyLFClk.o)
 .data.impure_data
                0x200000e4       0x60 c:/program files (x86)/cypress/psoc creator/4.2/psoc creator/import/gnu/arm/5.4.1/bin/../lib/gcc/arm-none-eabi/5.4.1/../../../../arm-none-eabi/lib/armv6-m\libg_nano.a(lib_a-impure.o)
 .data._impure_ptr
                0x20000144        0x4 c:/program files (x86)/cypress/psoc creator/4.2/psoc creator/import/gnu/arm/5.4.1/bin/../lib/gcc/arm-none-eabi/5.4.1/../../../../arm-none-eabi/lib/armv6-m\libg_nano.a(lib_a-impure.o)
                0x20000144                _impure_ptr
                0x20000148                . = ALIGN (0x8)
 *(.ram)
                0x20000148                _edata = .

.igot.plt       0x20000148        0x0 load address 0x00001640
 .igot.plt      0x20000148        0x0 c:/program files (x86)/cypress/psoc creator/4.2/psoc creator/import/gnu/arm/5.4.1/bin/../lib/gcc/arm-none-eabi/5.4.1/armv6-m/crtbegin.o

.bss            0x20000148       0x60 load address 0x00001640
                0x20000148                PROVIDE (__bss_start__, .)
 *(.shbss)
 *(.bss .bss.* .gnu.linkonce.b.*)
 .bss           0x20000148       0x1c c:/program files (x86)/cypress/psoc creator/4.2/psoc creator/import/gnu/arm/5.4.1/bin/../lib/gcc/arm-none-eabi/5.4.1/armv6-m/crtbegin.o
 .bss           0x20000164        0x6 .\CortexM0\ARM_GCC_541\Debug\main.o
                0x20000164                contador_ms
                0x20000166                ADCcuentas
                0x20000168                ADCmilivoltios
 *fill*         0x2000016a        0x2 
 .bss           0x2000016c       0x28 .\CortexM0\ARM_GCC_541\Debug\MiniProyecto.a(CyLFClk.o)
 .bss           0x20000194        0x1 .\CortexM0\ARM_GCC_541\Debug\MiniProyecto.a(Counter.o)
                0x20000194                Counter_initVar
 .bss           0x20000195        0x1 .\CortexM0\ARM_GCC_541\Debug\MiniProyecto.a(PWM_1.o)
                0x20000195                PWM_1_initVar
 .bss           0x20000196        0x1 .\CortexM0\ARM_GCC_541\Debug\MiniProyecto.a(ADC.o)
                0x20000196                ADC_initVar
 .bss           0x20000197        0x1 .\CortexM0\ARM_GCC_541\Debug\MiniProyecto.a(PWM_2.o)
                0x20000197                PWM_2_initVar
 .bss           0x20000198        0x1 .\CortexM0\ARM_GCC_541\Debug\MiniProyecto.a(PWM_3.o)
                0x20000198                PWM_3_initVar
 *(COMMON)
 *fill*         0x20000199        0x1 
 COMMON         0x2000019a        0x2 .\CortexM0\ARM_GCC_541\Debug\main.o
                0x2000019a                distancia_cm
 COMMON         0x2000019c        0x6 .\CortexM0\ARM_GCC_541\Debug\MiniProyecto.a(ADC.o)
                0x2000019c                ADC_countsPer10Volt
                0x200001a0                ADC_offset
                0x200001a8                . = ALIGN (0x8)
 *fill*         0x200001a2        0x6 
 *(.ram.b)
                0x200001a8                _end = .
                0x200001a8                __end = .
                0x200001a8                PROVIDE (end, .)
                0x200001a8                PROVIDE (__bss_end__, .)
                0x000015b8                __cy_region_init_ram = LOADADDR (.data)
                0x00000088                __cy_region_init_size_ram = (_edata - ADDR (.data))
                0x00000060                __cy_region_zero_size_ram = (_end - _edata)

.heap           0x200001a8       0x80 load address 0x00001640
                0x200001a8                . = _end
                0x20000228                . = (. + 0x80)
 *fill*         0x200001a8       0x80 
                0x20000228                __cy_heap_limit = .

.stack          0x20007800      0x800
                0x20007800                __cy_stack_limit = .
                0x20008000                . = (. + 0x800)
 *fill*         0x20007800      0x800 
                0x00000001                ASSERT ((__cy_stack_limit >= __cy_heap_limit), region RAM overflowed with stack)
                0x00000000                cy_checksum_exclude_size = (CY_APPL_LOADABLE == 0x1)?SIZEOF (.cy_checksum_exclude):0x0
                0x00000001                ASSERT ((cy_checksum_exclude_size <= CY_CHECKSUM_EXCLUDE_SIZE), CY_BOOT: Section .cy_checksum_exclude size exceedes specified limit.)
                0x0003ffc0                cyloadermeta_start = (cy_project_type_bootloader || cy_project_type_app_for_stack_and_copier)?(LENGTH (rom) - CY_METADATA_SIZE):0xf0000000

.cyloadermeta
 *(.cyloadermeta)
                0x0003ffc0                cyloadablemeta_start = cy_project_type_app_for_stack_and_copier?((LENGTH (rom) - CY_FLASH_ROW_SIZE) - CY_METADATA_SIZE):((LENGTH (rom) - (CY_FLASH_ROW_SIZE * (CY_APPL_NUM - 0x1))) - CY_METADATA_SIZE)

.cyloadablemeta
 *(.cyloadablemeta)

.cyflashprotect
                0x90400000       0x80
 *(.cyflashprotect)
 .cyflashprotect
                0x90400000       0x80 .\CortexM0\ARM_GCC_541\Debug\cymetadata.o
                0x90400000                cy_meta_flashprotect

.cymeta         0x90500000        0xc
 *(.cymeta)
 .cymeta        0x90500000        0xc .\CortexM0\ARM_GCC_541\Debug\cymetadata.o
                0x90500000                cy_metadata

.cychipprotect  0x90600000        0x1
 *(.cychipprotect)
 .cychipprotect
                0x90600000        0x1 .\CortexM0\ARM_GCC_541\Debug\cymetadata.o
                0x90600000                cy_meta_chipprotect

.rel.dyn        0x00001640        0x0 load address 0x90600004
 .rel.iplt      0x00001640        0x0 c:/program files (x86)/cypress/psoc creator/4.2/psoc creator/import/gnu/arm/5.4.1/bin/../lib/gcc/arm-none-eabi/5.4.1/armv6-m/crtbegin.o

.stab
 *(.stab)

.stabstr
 *(.stabstr)

.debug
 *(.debug)

.line
 *(.line)

.debug_srcinfo
 *(.debug_srcinfo)

.debug_sfnames
 *(.debug_sfnames)

.debug_aranges  0x00000000      0xd68
 *(.debug_aranges)
 .debug_aranges
                0x00000000       0x60 .\CortexM0\ARM_GCC_541\Debug\main.o
 .debug_aranges
                0x00000060       0x48 .\CortexM0\ARM_GCC_541\Debug\cyfitter_cfg.o
 .debug_aranges
                0x000000a8       0x18 .\CortexM0\ARM_GCC_541\Debug\cymetadata.o
 .debug_aranges
                0x000000c0       0x48 .\CortexM0\ARM_GCC_541\Debug\Cm0Start.o
 .debug_aranges
                0x00000108       0x48 .\CortexM0\ARM_GCC_541\Debug\MiniProyecto.a(Pin_Rojo.o)
 .debug_aranges
                0x00000150       0x48 .\CortexM0\ARM_GCC_541\Debug\MiniProyecto.a(Pin_Verde.o)
 .debug_aranges
                0x00000198       0x48 .\CortexM0\ARM_GCC_541\Debug\MiniProyecto.a(Pin_Azul.o)
 .debug_aranges
                0x000001e0      0x1d0 .\CortexM0\ARM_GCC_541\Debug\MiniProyecto.a(CyLib.o)
 .debug_aranges
                0x000003b0      0x188 .\CortexM0\ARM_GCC_541\Debug\MiniProyecto.a(CyLFClk.o)
 .debug_aranges
                0x00000538       0x48 .\CortexM0\ARM_GCC_541\Debug\MiniProyecto.a(Pin_Zumbador.o)
 .debug_aranges
                0x00000580       0x80 .\CortexM0\ARM_GCC_541\Debug\MiniProyecto.a(Counter_Int.o)
 .debug_aranges
                0x00000600      0x158 .\CortexM0\ARM_GCC_541\Debug\MiniProyecto.a(Counter.o)
 .debug_aranges
                0x00000758      0x158 .\CortexM0\ARM_GCC_541\Debug\MiniProyecto.a(PWM_1.o)
 .debug_aranges
                0x000008b0       0x48 .\CortexM0\ARM_GCC_541\Debug\MiniProyecto.a(Pin_MotorA_R.o)
 .debug_aranges
                0x000008f8       0x48 .\CortexM0\ARM_GCC_541\Debug\MiniProyecto.a(Pin_MotorA_A.o)
 .debug_aranges
                0x00000940       0x48 .\CortexM0\ARM_GCC_541\Debug\MiniProyecto.a(Pin_MotorB_R.o)
 .debug_aranges
                0x00000988       0x48 .\CortexM0\ARM_GCC_541\Debug\MiniProyecto.a(Pin_MotorB_A.o)
 .debug_aranges
                0x000009d0       0xa8 .\CortexM0\ARM_GCC_541\Debug\MiniProyecto.a(ADC.o)
 .debug_aranges
                0x00000a78       0x20 .\CortexM0\ARM_GCC_541\Debug\MiniProyecto.a(ADC_INT.o)
 .debug_aranges
                0x00000a98      0x158 .\CortexM0\ARM_GCC_541\Debug\MiniProyecto.a(PWM_2.o)
 .debug_aranges
                0x00000bf0      0x158 .\CortexM0\ARM_GCC_541\Debug\MiniProyecto.a(PWM_3.o)
 .debug_aranges
                0x00000d48       0x20 .\CortexM0\ARM_GCC_541\Debug\MiniProyecto.a(CyBootAsmGnu.o)

.debug_pubnames
 *(.debug_pubnames)

.debug_info     0x00000000     0x69b6
 *(.debug_info .gnu.linkonce.wi.*)
 .debug_info    0x00000000      0x80f .\CortexM0\ARM_GCC_541\Debug\main.o
 .debug_info    0x0000080f      0x499 .\CortexM0\ARM_GCC_541\Debug\cyfitter_cfg.o
 .debug_info    0x00000ca8       0xf8 .\CortexM0\ARM_GCC_541\Debug\cymetadata.o
 .debug_info    0x00000da0      0x3a2 .\CortexM0\ARM_GCC_541\Debug\Cm0Start.o
 .debug_info    0x00001142      0x19d .\CortexM0\ARM_GCC_541\Debug\MiniProyecto.a(Pin_Rojo.o)
 .debug_info    0x000012df      0x19d .\CortexM0\ARM_GCC_541\Debug\MiniProyecto.a(Pin_Verde.o)
 .debug_info    0x0000147c      0x19d .\CortexM0\ARM_GCC_541\Debug\MiniProyecto.a(Pin_Azul.o)
 .debug_info    0x00001619      0xd2b .\CortexM0\ARM_GCC_541\Debug\MiniProyecto.a(CyLib.o)
 .debug_info    0x00002344     0x1071 .\CortexM0\ARM_GCC_541\Debug\MiniProyecto.a(CyLFClk.o)
 .debug_info    0x000033b5      0x19b .\CortexM0\ARM_GCC_541\Debug\MiniProyecto.a(Pin_Zumbador.o)
 .debug_info    0x00003550      0x305 .\CortexM0\ARM_GCC_541\Debug\MiniProyecto.a(Counter_Int.o)
 .debug_info    0x00003855      0x8e2 .\CortexM0\ARM_GCC_541\Debug\MiniProyecto.a(Counter.o)
 .debug_info    0x00004137      0x909 .\CortexM0\ARM_GCC_541\Debug\MiniProyecto.a(PWM_1.o)
 .debug_info    0x00004a40      0x19d .\CortexM0\ARM_GCC_541\Debug\MiniProyecto.a(Pin_MotorA_R.o)
 .debug_info    0x00004bdd      0x19d .\CortexM0\ARM_GCC_541\Debug\MiniProyecto.a(Pin_MotorA_A.o)
 .debug_info    0x00004d7a      0x19d .\CortexM0\ARM_GCC_541\Debug\MiniProyecto.a(Pin_MotorB_R.o)
 .debug_info    0x00004f17      0x19d .\CortexM0\ARM_GCC_541\Debug\MiniProyecto.a(Pin_MotorB_A.o)
 .debug_info    0x000050b4      0x579 .\CortexM0\ARM_GCC_541\Debug\MiniProyecto.a(ADC.o)
 .debug_info    0x0000562d       0xcb .\CortexM0\ARM_GCC_541\Debug\MiniProyecto.a(ADC_INT.o)
 .debug_info    0x000056f8      0x909 .\CortexM0\ARM_GCC_541\Debug\MiniProyecto.a(PWM_2.o)
 .debug_info    0x00006001      0x909 .\CortexM0\ARM_GCC_541\Debug\MiniProyecto.a(PWM_3.o)
 .debug_info    0x0000690a       0xac .\CortexM0\ARM_GCC_541\Debug\MiniProyecto.a(CyBootAsmGnu.o)

.debug_abbrev   0x00000000     0x1752
 *(.debug_abbrev)
 .debug_abbrev  0x00000000       0xec .\CortexM0\ARM_GCC_541\Debug\main.o
 .debug_abbrev  0x000000ec      0x1cf .\CortexM0\ARM_GCC_541\Debug\cyfitter_cfg.o
 .debug_abbrev  0x000002bb       0x5d .\CortexM0\ARM_GCC_541\Debug\cymetadata.o
 .debug_abbrev  0x00000318      0x1d7 .\CortexM0\ARM_GCC_541\Debug\Cm0Start.o
 .debug_abbrev  0x000004ef       0xc8 .\CortexM0\ARM_GCC_541\Debug\MiniProyecto.a(Pin_Rojo.o)
 .debug_abbrev  0x000005b7       0xc8 .\CortexM0\ARM_GCC_541\Debug\MiniProyecto.a(Pin_Verde.o)
 .debug_abbrev  0x0000067f       0xc8 .\CortexM0\ARM_GCC_541\Debug\MiniProyecto.a(Pin_Azul.o)
 .debug_abbrev  0x00000747      0x1e0 .\CortexM0\ARM_GCC_541\Debug\MiniProyecto.a(CyLib.o)
 .debug_abbrev  0x00000927      0x248 .\CortexM0\ARM_GCC_541\Debug\MiniProyecto.a(CyLFClk.o)
 .debug_abbrev  0x00000b6f       0xc8 .\CortexM0\ARM_GCC_541\Debug\MiniProyecto.a(Pin_Zumbador.o)
 .debug_abbrev  0x00000c37      0x19a .\CortexM0\ARM_GCC_541\Debug\MiniProyecto.a(Counter_Int.o)
 .debug_abbrev  0x00000dd1      0x119 .\CortexM0\ARM_GCC_541\Debug\MiniProyecto.a(Counter.o)
 .debug_abbrev  0x00000eea      0x119 .\CortexM0\ARM_GCC_541\Debug\MiniProyecto.a(PWM_1.o)
 .debug_abbrev  0x00001003       0xc8 .\CortexM0\ARM_GCC_541\Debug\MiniProyecto.a(Pin_MotorA_R.o)
 .debug_abbrev  0x000010cb       0xc8 .\CortexM0\ARM_GCC_541\Debug\MiniProyecto.a(Pin_MotorA_A.o)
 .debug_abbrev  0x00001193       0xc8 .\CortexM0\ARM_GCC_541\Debug\MiniProyecto.a(Pin_MotorB_R.o)
 .debug_abbrev  0x0000125b       0xc8 .\CortexM0\ARM_GCC_541\Debug\MiniProyecto.a(Pin_MotorB_A.o)
 .debug_abbrev  0x00001323      0x184 .\CortexM0\ARM_GCC_541\Debug\MiniProyecto.a(ADC.o)
 .debug_abbrev  0x000014a7       0x65 .\CortexM0\ARM_GCC_541\Debug\MiniProyecto.a(ADC_INT.o)
 .debug_abbrev  0x0000150c      0x119 .\CortexM0\ARM_GCC_541\Debug\MiniProyecto.a(PWM_2.o)
 .debug_abbrev  0x00001625      0x119 .\CortexM0\ARM_GCC_541\Debug\MiniProyecto.a(PWM_3.o)
 .debug_abbrev  0x0000173e       0x14 .\CortexM0\ARM_GCC_541\Debug\MiniProyecto.a(CyBootAsmGnu.o)

.debug_line     0x00000000     0x2b01
 *(.debug_line)
 .debug_line    0x00000000      0x20d .\CortexM0\ARM_GCC_541\Debug\main.o
 .debug_line    0x0000020d      0x1b8 .\CortexM0\ARM_GCC_541\Debug\cyfitter_cfg.o
 .debug_line    0x000003c5      0x141 .\CortexM0\ARM_GCC_541\Debug\cymetadata.o
 .debug_line    0x00000506      0x236 .\CortexM0\ARM_GCC_541\Debug\Cm0Start.o
 .debug_line    0x0000073c       0xc0 .\CortexM0\ARM_GCC_541\Debug\MiniProyecto.a(Pin_Rojo.o)
 .debug_line    0x000007fc       0xc1 .\CortexM0\ARM_GCC_541\Debug\MiniProyecto.a(Pin_Verde.o)
 .debug_line    0x000008bd       0xc0 .\CortexM0\ARM_GCC_541\Debug\MiniProyecto.a(Pin_Azul.o)
 .debug_line    0x0000097d      0x553 .\CortexM0\ARM_GCC_541\Debug\MiniProyecto.a(CyLib.o)
 .debug_line    0x00000ed0      0x5db .\CortexM0\ARM_GCC_541\Debug\MiniProyecto.a(CyLFClk.o)
 .debug_line    0x000014ab       0xc3 .\CortexM0\ARM_GCC_541\Debug\MiniProyecto.a(Pin_Zumbador.o)
 .debug_line    0x0000156e      0x157 .\CortexM0\ARM_GCC_541\Debug\MiniProyecto.a(Counter_Int.o)
 .debug_line    0x000016c5      0x378 .\CortexM0\ARM_GCC_541\Debug\MiniProyecto.a(Counter.o)
 .debug_line    0x00001a3d      0x37e .\CortexM0\ARM_GCC_541\Debug\MiniProyecto.a(PWM_1.o)
 .debug_line    0x00001dbb       0xc4 .\CortexM0\ARM_GCC_541\Debug\MiniProyecto.a(Pin_MotorA_R.o)
 .debug_line    0x00001e7f       0xc4 .\CortexM0\ARM_GCC_541\Debug\MiniProyecto.a(Pin_MotorA_A.o)
 .debug_line    0x00001f43       0xc4 .\CortexM0\ARM_GCC_541\Debug\MiniProyecto.a(Pin_MotorB_R.o)
 .debug_line    0x00002007       0xc4 .\CortexM0\ARM_GCC_541\Debug\MiniProyecto.a(Pin_MotorB_A.o)
 .debug_line    0x000020cb      0x270 .\CortexM0\ARM_GCC_541\Debug\MiniProyecto.a(ADC.o)
 .debug_line    0x0000233b       0x62 .\CortexM0\ARM_GCC_541\Debug\MiniProyecto.a(ADC_INT.o)
 .debug_line    0x0000239d      0x37e .\CortexM0\ARM_GCC_541\Debug\MiniProyecto.a(PWM_2.o)
 .debug_line    0x0000271b      0x37e .\CortexM0\ARM_GCC_541\Debug\MiniProyecto.a(PWM_3.o)
 .debug_line    0x00002a99       0x68 .\CortexM0\ARM_GCC_541\Debug\MiniProyecto.a(CyBootAsmGnu.o)

.debug_frame    0x00000000     0x22c0
 *(.debug_frame)
 .debug_frame   0x00000000      0x10c .\CortexM0\ARM_GCC_541\Debug\main.o
 .debug_frame   0x0000010c       0xb8 .\CortexM0\ARM_GCC_541\Debug\cyfitter_cfg.o
 .debug_frame   0x000001c4       0xbc .\CortexM0\ARM_GCC_541\Debug\Cm0Start.o
 .debug_frame   0x00000280       0x70 .\CortexM0\ARM_GCC_541\Debug\MiniProyecto.a(Pin_Rojo.o)
 .debug_frame   0x000002f0       0x70 .\CortexM0\ARM_GCC_541\Debug\MiniProyecto.a(Pin_Verde.o)
 .debug_frame   0x00000360       0x70 .\CortexM0\ARM_GCC_541\Debug\MiniProyecto.a(Pin_Azul.o)
 .debug_frame   0x000003d0      0x4a4 .\CortexM0\ARM_GCC_541\Debug\MiniProyecto.a(CyLib.o)
 .debug_frame   0x00000874      0x4a8 .\CortexM0\ARM_GCC_541\Debug\MiniProyecto.a(CyLFClk.o)
 .debug_frame   0x00000d1c       0x70 .\CortexM0\ARM_GCC_541\Debug\MiniProyecto.a(Pin_Zumbador.o)
 .debug_frame   0x00000d8c      0x110 .\CortexM0\ARM_GCC_541\Debug\MiniProyecto.a(Counter_Int.o)
 .debug_frame   0x00000e9c      0x3a0 .\CortexM0\ARM_GCC_541\Debug\MiniProyecto.a(Counter.o)
 .debug_frame   0x0000123c      0x3a0 .\CortexM0\ARM_GCC_541\Debug\MiniProyecto.a(PWM_1.o)
 .debug_frame   0x000015dc       0x70 .\CortexM0\ARM_GCC_541\Debug\MiniProyecto.a(Pin_MotorA_R.o)
 .debug_frame   0x0000164c       0x70 .\CortexM0\ARM_GCC_541\Debug\MiniProyecto.a(Pin_MotorA_A.o)
 .debug_frame   0x000016bc       0x70 .\CortexM0\ARM_GCC_541\Debug\MiniProyecto.a(Pin_MotorB_R.o)
 .debug_frame   0x0000172c       0x70 .\CortexM0\ARM_GCC_541\Debug\MiniProyecto.a(Pin_MotorB_A.o)
 .debug_frame   0x0000179c      0x1b0 .\CortexM0\ARM_GCC_541\Debug\MiniProyecto.a(ADC.o)
 .debug_frame   0x0000194c       0x20 .\CortexM0\ARM_GCC_541\Debug\MiniProyecto.a(ADC_INT.o)
 .debug_frame   0x0000196c      0x3a0 .\CortexM0\ARM_GCC_541\Debug\MiniProyecto.a(PWM_2.o)
 .debug_frame   0x00001d0c      0x3a0 .\CortexM0\ARM_GCC_541\Debug\MiniProyecto.a(PWM_3.o)
 .debug_frame   0x000020ac       0x20 c:/program files (x86)/cypress/psoc creator/4.2/psoc creator/import/gnu/arm/5.4.1/bin/../lib/gcc/arm-none-eabi/5.4.1/armv6-m\libgcc.a(_udivsi3.o)
 .debug_frame   0x000020cc       0x20 c:/program files (x86)/cypress/psoc creator/4.2/psoc creator/import/gnu/arm/5.4.1/bin/../lib/gcc/arm-none-eabi/5.4.1/armv6-m\libgcc.a(_divsi3.o)
 .debug_frame   0x000020ec       0x34 c:/program files (x86)/cypress/psoc creator/4.2/psoc creator/import/gnu/arm/5.4.1/bin/../lib/gcc/arm-none-eabi/5.4.1/armv6-m\libgcc.a(_muldi3.o)
 .debug_frame   0x00002120       0x30 c:/program files (x86)/cypress/psoc creator/4.2/psoc creator/import/gnu/arm/5.4.1/bin/../lib/gcc/arm-none-eabi/5.4.1/armv6-m\libgcc.a(bpabi.o)
 .debug_frame   0x00002150       0x3c c:/program files (x86)/cypress/psoc creator/4.2/psoc creator/import/gnu/arm/5.4.1/bin/../lib/gcc/arm-none-eabi/5.4.1/armv6-m\libgcc.a(divsf3.o)
 .debug_frame   0x0000218c       0x38 c:/program files (x86)/cypress/psoc creator/4.2/psoc creator/import/gnu/arm/5.4.1/bin/../lib/gcc/arm-none-eabi/5.4.1/armv6-m\libgcc.a(mulsf3.o)
 .debug_frame   0x000021c4       0x2c c:/program files (x86)/cypress/psoc creator/4.2/psoc creator/import/gnu/arm/5.4.1/bin/../lib/gcc/arm-none-eabi/5.4.1/armv6-m\libgcc.a(floatsisf.o)
 .debug_frame   0x000021f0       0x3c c:/program files (x86)/cypress/psoc creator/4.2/psoc creator/import/gnu/arm/5.4.1/bin/../lib/gcc/arm-none-eabi/5.4.1/armv6-m\libgcc.a(_divdi3.o)
 .debug_frame   0x0000222c       0x20 c:/program files (x86)/cypress/psoc creator/4.2/psoc creator/import/gnu/arm/5.4.1/bin/../lib/gcc/arm-none-eabi/5.4.1/../../../../arm-none-eabi/lib/armv6-m\libg_nano.a(lib_a-errno.o)
 .debug_frame   0x0000224c       0x28 c:/program files (x86)/cypress/psoc creator/4.2/psoc creator/import/gnu/arm/5.4.1/bin/../lib/gcc/arm-none-eabi/5.4.1/../../../../arm-none-eabi/lib/armv6-m\libg_nano.a(lib_a-exit.o)
 .debug_frame   0x00002274       0x2c c:/program files (x86)/cypress/psoc creator/4.2/psoc creator/import/gnu/arm/5.4.1/bin/../lib/gcc/arm-none-eabi/5.4.1/../../../../arm-none-eabi/lib/armv6-m\libg_nano.a(lib_a-init.o)
 .debug_frame   0x000022a0       0x20 c:/program files (x86)/cypress/psoc creator/4.2/psoc creator/import/gnu/arm/5.4.1/bin/../lib/gcc/arm-none-eabi/5.4.1/../../../../arm-none-eabi/lib/armv6-m\libg_nano.a(lib_a-memset.o)

.debug_str      0x00000000     0x28d5
 *(.debug_str)
 .debug_str     0x00000000      0x3dc .\CortexM0\ARM_GCC_541\Debug\main.o
                                0x422 (size before relaxing)
 .debug_str     0x000003dc      0x19c .\CortexM0\ARM_GCC_541\Debug\cyfitter_cfg.o
                                0x36b (size before relaxing)
 .debug_str     0x00000578       0x63 .\CortexM0\ARM_GCC_541\Debug\cymetadata.o
                                0x1e4 (size before relaxing)
 .debug_str     0x000005db      0x13a .\CortexM0\ARM_GCC_541\Debug\Cm0Start.o
                                0x31d (size before relaxing)
 .debug_str     0x00000715       0xb6 .\CortexM0\ARM_GCC_541\Debug\MiniProyecto.a(Pin_Rojo.o)
                                0x267 (size before relaxing)
 .debug_str     0x000007cb       0x93 .\CortexM0\ARM_GCC_541\Debug\MiniProyecto.a(Pin_Verde.o)
                                0x26e (size before relaxing)
 .debug_str     0x0000085e       0x8d .\CortexM0\ARM_GCC_541\Debug\MiniProyecto.a(Pin_Azul.o)
                                0x267 (size before relaxing)
 .debug_str     0x000008eb      0x5cf .\CortexM0\ARM_GCC_541\Debug\MiniProyecto.a(CyLib.o)
                                0x814 (size before relaxing)
 .debug_str     0x00000eba      0x6de .\CortexM0\ARM_GCC_541\Debug\MiniProyecto.a(CyLFClk.o)
                                0x954 (size before relaxing)
 .debug_str     0x00001598       0xa5 .\CortexM0\ARM_GCC_541\Debug\MiniProyecto.a(Pin_Zumbador.o)
                                0x283 (size before relaxing)
 .debug_str     0x0000163d      0x135 .\CortexM0\ARM_GCC_541\Debug\MiniProyecto.a(Counter_Int.o)
                                0x35a (size before relaxing)
 .debug_str     0x00001772      0x401 .\CortexM0\ARM_GCC_541\Debug\MiniProyecto.a(Counter.o)
                                0x621 (size before relaxing)
 .debug_str     0x00001b73      0x308 .\CortexM0\ARM_GCC_541\Debug\MiniProyecto.a(PWM_1.o)
                                0x5cd (size before relaxing)
 .debug_str     0x00001e7b       0xa5 .\CortexM0\ARM_GCC_541\Debug\MiniProyecto.a(Pin_MotorA_R.o)
                                0x283 (size before relaxing)
 .debug_str     0x00001f20       0xa5 .\CortexM0\ARM_GCC_541\Debug\MiniProyecto.a(Pin_MotorA_A.o)
                                0x283 (size before relaxing)
 .debug_str     0x00001fc5       0xa5 .\CortexM0\ARM_GCC_541\Debug\MiniProyecto.a(Pin_MotorB_R.o)
                                0x283 (size before relaxing)
 .debug_str     0x0000206a       0xa5 .\CortexM0\ARM_GCC_541\Debug\MiniProyecto.a(Pin_MotorB_A.o)
                                0x283 (size before relaxing)
 .debug_str     0x0000210f      0x16e .\CortexM0\ARM_GCC_541\Debug\MiniProyecto.a(ADC.o)
                                0x3e0 (size before relaxing)
 .debug_str     0x0000227d       0x35 .\CortexM0\ARM_GCC_541\Debug\MiniProyecto.a(ADC_INT.o)
                                0x1d9 (size before relaxing)
 .debug_str     0x000022b2      0x308 .\CortexM0\ARM_GCC_541\Debug\MiniProyecto.a(PWM_2.o)
                                0x5cd (size before relaxing)
 .debug_str     0x000025ba      0x31b .\CortexM0\ARM_GCC_541\Debug\MiniProyecto.a(PWM_3.o)
                                0x5cd (size before relaxing)

.debug_loc      0x00000000     0x367b
 *(.debug_loc)
 .debug_loc     0x00000000      0x136 .\CortexM0\ARM_GCC_541\Debug\cyfitter_cfg.o
 .debug_loc     0x00000136      0x14f .\CortexM0\ARM_GCC_541\Debug\Cm0Start.o
 .debug_loc     0x00000285       0xa2 .\CortexM0\ARM_GCC_541\Debug\MiniProyecto.a(Pin_Rojo.o)
 .debug_loc     0x00000327       0xa2 .\CortexM0\ARM_GCC_541\Debug\MiniProyecto.a(Pin_Verde.o)
 .debug_loc     0x000003c9       0xa2 .\CortexM0\ARM_GCC_541\Debug\MiniProyecto.a(Pin_Azul.o)
 .debug_loc     0x0000046b      0x818 .\CortexM0\ARM_GCC_541\Debug\MiniProyecto.a(CyLib.o)
 .debug_loc     0x00000c83      0xdaa .\CortexM0\ARM_GCC_541\Debug\MiniProyecto.a(CyLFClk.o)
 .debug_loc     0x00001a2d       0x81 .\CortexM0\ARM_GCC_541\Debug\MiniProyecto.a(Pin_Zumbador.o)
 .debug_loc     0x00001aae       0x82 .\CortexM0\ARM_GCC_541\Debug\MiniProyecto.a(Counter_Int.o)
 .debug_loc     0x00001b30      0x547 .\CortexM0\ARM_GCC_541\Debug\MiniProyecto.a(Counter.o)
 .debug_loc     0x00002077      0x547 .\CortexM0\ARM_GCC_541\Debug\MiniProyecto.a(PWM_1.o)
 .debug_loc     0x000025be       0xa2 .\CortexM0\ARM_GCC_541\Debug\MiniProyecto.a(Pin_MotorA_R.o)
 .debug_loc     0x00002660       0xa2 .\CortexM0\ARM_GCC_541\Debug\MiniProyecto.a(Pin_MotorA_A.o)
 .debug_loc     0x00002702       0xa2 .\CortexM0\ARM_GCC_541\Debug\MiniProyecto.a(Pin_MotorB_R.o)
 .debug_loc     0x000027a4       0xa2 .\CortexM0\ARM_GCC_541\Debug\MiniProyecto.a(Pin_MotorB_A.o)
 .debug_loc     0x00002846      0x3a7 .\CortexM0\ARM_GCC_541\Debug\MiniProyecto.a(ADC.o)
 .debug_loc     0x00002bed      0x547 .\CortexM0\ARM_GCC_541\Debug\MiniProyecto.a(PWM_2.o)
 .debug_loc     0x00003134      0x547 .\CortexM0\ARM_GCC_541\Debug\MiniProyecto.a(PWM_3.o)

.debug_macinfo
 *(.debug_macinfo)

.debug_ranges   0x00000000      0xbf0
 *(.debug_ranges)
 .debug_ranges  0x00000000       0x50 .\CortexM0\ARM_GCC_541\Debug\main.o
 .debug_ranges  0x00000050       0x38 .\CortexM0\ARM_GCC_541\Debug\cyfitter_cfg.o
 .debug_ranges  0x00000088       0x38 .\CortexM0\ARM_GCC_541\Debug\Cm0Start.o
 .debug_ranges  0x000000c0       0x38 .\CortexM0\ARM_GCC_541\Debug\MiniProyecto.a(Pin_Rojo.o)
 .debug_ranges  0x000000f8       0x38 .\CortexM0\ARM_GCC_541\Debug\MiniProyecto.a(Pin_Verde.o)
 .debug_ranges  0x00000130       0x38 .\CortexM0\ARM_GCC_541\Debug\MiniProyecto.a(Pin_Azul.o)
 .debug_ranges  0x00000168      0x1c0 .\CortexM0\ARM_GCC_541\Debug\MiniProyecto.a(CyLib.o)
 .debug_ranges  0x00000328      0x178 .\CortexM0\ARM_GCC_541\Debug\MiniProyecto.a(CyLFClk.o)
 .debug_ranges  0x000004a0       0x38 .\CortexM0\ARM_GCC_541\Debug\MiniProyecto.a(Pin_Zumbador.o)
 .debug_ranges  0x000004d8       0x70 .\CortexM0\ARM_GCC_541\Debug\MiniProyecto.a(Counter_Int.o)
 .debug_ranges  0x00000548      0x148 .\CortexM0\ARM_GCC_541\Debug\MiniProyecto.a(Counter.o)
 .debug_ranges  0x00000690      0x148 .\CortexM0\ARM_GCC_541\Debug\MiniProyecto.a(PWM_1.o)
 .debug_ranges  0x000007d8       0x38 .\CortexM0\ARM_GCC_541\Debug\MiniProyecto.a(Pin_MotorA_R.o)
 .debug_ranges  0x00000810       0x38 .\CortexM0\ARM_GCC_541\Debug\MiniProyecto.a(Pin_MotorA_A.o)
 .debug_ranges  0x00000848       0x38 .\CortexM0\ARM_GCC_541\Debug\MiniProyecto.a(Pin_MotorB_R.o)
 .debug_ranges  0x00000880       0x38 .\CortexM0\ARM_GCC_541\Debug\MiniProyecto.a(Pin_MotorB_A.o)
 .debug_ranges  0x000008b8       0x98 .\CortexM0\ARM_GCC_541\Debug\MiniProyecto.a(ADC.o)
 .debug_ranges  0x00000950       0x10 .\CortexM0\ARM_GCC_541\Debug\MiniProyecto.a(ADC_INT.o)
 .debug_ranges  0x00000960      0x148 .\CortexM0\ARM_GCC_541\Debug\MiniProyecto.a(PWM_2.o)
 .debug_ranges  0x00000aa8      0x148 .\CortexM0\ARM_GCC_541\Debug\MiniProyecto.a(PWM_3.o)

.comment        0x00000000       0x6e
 .comment       0x00000000       0x6e .\CortexM0\ARM_GCC_541\Debug\main.o
                                 0x6f (size before relaxing)
 .comment       0x0000006e       0x6f .\CortexM0\ARM_GCC_541\Debug\cyfitter_cfg.o
 .comment       0x0000006e       0x6f .\CortexM0\ARM_GCC_541\Debug\cymetadata.o
 .comment       0x0000006e       0x6f .\CortexM0\ARM_GCC_541\Debug\Cm0Start.o
 .comment       0x0000006e       0x6f .\CortexM0\ARM_GCC_541\Debug\MiniProyecto.a(Pin_Rojo.o)
 .comment       0x0000006e       0x6f .\CortexM0\ARM_GCC_541\Debug\MiniProyecto.a(Pin_Verde.o)
 .comment       0x0000006e       0x6f .\CortexM0\ARM_GCC_541\Debug\MiniProyecto.a(Pin_Azul.o)
 .comment       0x0000006e       0x6f .\CortexM0\ARM_GCC_541\Debug\MiniProyecto.a(CyLib.o)
 .comment       0x0000006e       0x6f .\CortexM0\ARM_GCC_541\Debug\MiniProyecto.a(CyLFClk.o)
 .comment       0x0000006e       0x6f .\CortexM0\ARM_GCC_541\Debug\MiniProyecto.a(Pin_Zumbador.o)
 .comment       0x0000006e       0x6f .\CortexM0\ARM_GCC_541\Debug\MiniProyecto.a(Counter_Int.o)
 .comment       0x0000006e       0x6f .\CortexM0\ARM_GCC_541\Debug\MiniProyecto.a(Counter.o)
 .comment       0x0000006e       0x6f .\CortexM0\ARM_GCC_541\Debug\MiniProyecto.a(PWM_1.o)
 .comment       0x0000006e       0x6f .\CortexM0\ARM_GCC_541\Debug\MiniProyecto.a(Pin_MotorA_R.o)
 .comment       0x0000006e       0x6f .\CortexM0\ARM_GCC_541\Debug\MiniProyecto.a(Pin_MotorA_A.o)
 .comment       0x0000006e       0x6f .\CortexM0\ARM_GCC_541\Debug\MiniProyecto.a(Pin_MotorB_R.o)
 .comment       0x0000006e       0x6f .\CortexM0\ARM_GCC_541\Debug\MiniProyecto.a(Pin_MotorB_A.o)
 .comment       0x0000006e       0x6f .\CortexM0\ARM_GCC_541\Debug\MiniProyecto.a(ADC.o)
 .comment       0x0000006e       0x6f .\CortexM0\ARM_GCC_541\Debug\MiniProyecto.a(ADC_INT.o)
 .comment       0x0000006e       0x6f .\CortexM0\ARM_GCC_541\Debug\MiniProyecto.a(PWM_2.o)
 .comment       0x0000006e       0x6f .\CortexM0\ARM_GCC_541\Debug\MiniProyecto.a(PWM_3.o)

.debug_weaknames
 *(.debug_weaknames)

.debug_funcnames
 *(.debug_funcnames)

.debug_typenames
 *(.debug_typenames)

.debug_varnames
 *(.debug_varnames)

.note.gnu.arm.ident
 *(.note.gnu.arm.ident)

.ARM.attributes
                0x00000000       0x28
 *(.ARM.attributes)
 .ARM.attributes
                0x00000000       0x1e c:/program files (x86)/cypress/psoc creator/4.2/psoc creator/import/gnu/arm/5.4.1/bin/../lib/gcc/arm-none-eabi/5.4.1/armv6-m/crti.o
 .ARM.attributes
                0x0000001e       0x2c c:/program files (x86)/cypress/psoc creator/4.2/psoc creator/import/gnu/arm/5.4.1/bin/../lib/gcc/arm-none-eabi/5.4.1/armv6-m/crtbegin.o
 .ARM.attributes
                0x0000004a       0x1b c:/program files (x86)/cypress/psoc creator/4.2/psoc creator/import/gnu/arm/5.4.1/bin/../lib/gcc/arm-none-eabi/5.4.1/../../../../arm-none-eabi/lib/armv6-m/crt0.o
 .ARM.attributes
                0x00000065       0x31 .\CortexM0\ARM_GCC_541\Debug\main.o
 .ARM.attributes
                0x00000096       0x31 .\CortexM0\ARM_GCC_541\Debug\cyfitter_cfg.o
 .ARM.attributes
                0x000000c7       0x31 .\CortexM0\ARM_GCC_541\Debug\cymetadata.o
 .ARM.attributes
                0x000000f8       0x31 .\CortexM0\ARM_GCC_541\Debug\Cm0Start.o
 .ARM.attributes
                0x00000129       0x31 .\CortexM0\ARM_GCC_541\Debug\MiniProyecto.a(Pin_Rojo.o)
 .ARM.attributes
                0x0000015a       0x31 .\CortexM0\ARM_GCC_541\Debug\MiniProyecto.a(Pin_Verde.o)
 .ARM.attributes
                0x0000018b       0x31 .\CortexM0\ARM_GCC_541\Debug\MiniProyecto.a(Pin_Azul.o)
 .ARM.attributes
                0x000001bc       0x31 .\CortexM0\ARM_GCC_541\Debug\MiniProyecto.a(CyLib.o)
 .ARM.attributes
                0x000001ed       0x31 .\CortexM0\ARM_GCC_541\Debug\MiniProyecto.a(CyLFClk.o)
 .ARM.attributes
                0x0000021e       0x31 .\CortexM0\ARM_GCC_541\Debug\MiniProyecto.a(Pin_Zumbador.o)
 .ARM.attributes
                0x0000024f       0x31 .\CortexM0\ARM_GCC_541\Debug\MiniProyecto.a(Counter_Int.o)
 .ARM.attributes
                0x00000280       0x31 .\CortexM0\ARM_GCC_541\Debug\MiniProyecto.a(Counter.o)
 .ARM.attributes
                0x000002b1       0x31 .\CortexM0\ARM_GCC_541\Debug\MiniProyecto.a(PWM_1.o)
 .ARM.attributes
                0x000002e2       0x31 .\CortexM0\ARM_GCC_541\Debug\MiniProyecto.a(Pin_MotorA_R.o)
 .ARM.attributes
                0x00000313       0x31 .\CortexM0\ARM_GCC_541\Debug\MiniProyecto.a(Pin_MotorA_A.o)
 .ARM.attributes
                0x00000344       0x31 .\CortexM0\ARM_GCC_541\Debug\MiniProyecto.a(Pin_MotorB_R.o)
 .ARM.attributes
                0x00000375       0x31 .\CortexM0\ARM_GCC_541\Debug\MiniProyecto.a(Pin_MotorB_A.o)
 .ARM.attributes
                0x000003a6       0x31 .\CortexM0\ARM_GCC_541\Debug\MiniProyecto.a(ADC.o)
 .ARM.attributes
                0x000003d7       0x31 .\CortexM0\ARM_GCC_541\Debug\MiniProyecto.a(ADC_INT.o)
 .ARM.attributes
                0x00000408       0x31 .\CortexM0\ARM_GCC_541\Debug\MiniProyecto.a(PWM_2.o)
 .ARM.attributes
                0x00000439       0x31 .\CortexM0\ARM_GCC_541\Debug\MiniProyecto.a(PWM_3.o)
 .ARM.attributes
                0x0000046a       0x21 .\CortexM0\ARM_GCC_541\Debug\MiniProyecto.a(CyBootAsmGnu.o)
 .ARM.attributes
                0x0000048b       0x1e c:/program files (x86)/cypress/psoc creator/4.2/psoc creator/import/gnu/arm/5.4.1/bin/../lib/gcc/arm-none-eabi/5.4.1/armv6-m\libgcc.a(_udivsi3.o)
 .ARM.attributes
                0x000004a9       0x1e c:/program files (x86)/cypress/psoc creator/4.2/psoc creator/import/gnu/arm/5.4.1/bin/../lib/gcc/arm-none-eabi/5.4.1/armv6-m\libgcc.a(_divsi3.o)
 .ARM.attributes
                0x000004c7       0x1e c:/program files (x86)/cypress/psoc creator/4.2/psoc creator/import/gnu/arm/5.4.1/bin/../lib/gcc/arm-none-eabi/5.4.1/armv6-m\libgcc.a(_dvmd_tls.o)
 .ARM.attributes
                0x000004e5       0x1e c:/program files (x86)/cypress/psoc creator/4.2/psoc creator/import/gnu/arm/5.4.1/bin/../lib/gcc/arm-none-eabi/5.4.1/armv6-m\libgcc.a(_aeabi_ldivmod.o)
 .ARM.attributes
                0x00000503       0x2c c:/program files (x86)/cypress/psoc creator/4.2/psoc creator/import/gnu/arm/5.4.1/bin/../lib/gcc/arm-none-eabi/5.4.1/armv6-m\libgcc.a(_muldi3.o)
 .ARM.attributes
                0x0000052f       0x2c c:/program files (x86)/cypress/psoc creator/4.2/psoc creator/import/gnu/arm/5.4.1/bin/../lib/gcc/arm-none-eabi/5.4.1/armv6-m\libgcc.a(bpabi.o)
 .ARM.attributes
                0x0000055b       0x2c c:/program files (x86)/cypress/psoc creator/4.2/psoc creator/import/gnu/arm/5.4.1/bin/../lib/gcc/arm-none-eabi/5.4.1/armv6-m\libgcc.a(divsf3.o)
 .ARM.attributes
                0x00000587       0x2c c:/program files (x86)/cypress/psoc creator/4.2/psoc creator/import/gnu/arm/5.4.1/bin/../lib/gcc/arm-none-eabi/5.4.1/armv6-m\libgcc.a(mulsf3.o)
 .ARM.attributes
                0x000005b3       0x2c c:/program files (x86)/cypress/psoc creator/4.2/psoc creator/import/gnu/arm/5.4.1/bin/../lib/gcc/arm-none-eabi/5.4.1/armv6-m\libgcc.a(floatsisf.o)
 .ARM.attributes
                0x000005df       0x1e c:/program files (x86)/cypress/psoc creator/4.2/psoc creator/import/gnu/arm/5.4.1/bin/../lib/gcc/arm-none-eabi/5.4.1/armv6-m\libgcc.a(_clzsi2.o)
 .ARM.attributes
                0x000005fd       0x2c c:/program files (x86)/cypress/psoc creator/4.2/psoc creator/import/gnu/arm/5.4.1/bin/../lib/gcc/arm-none-eabi/5.4.1/armv6-m\libgcc.a(_divdi3.o)
 .ARM.attributes
                0x00000629       0x1e c:/program files (x86)/cypress/psoc creator/4.2/psoc creator/import/gnu/arm/5.4.1/bin/../lib/gcc/arm-none-eabi/5.4.1/armv6-m\libgcc.a(_clzdi2.o)
 .ARM.attributes
                0x00000647       0x2c c:/program files (x86)/cypress/psoc creator/4.2/psoc creator/import/gnu/arm/5.4.1/bin/../lib/gcc/arm-none-eabi/5.4.1/../../../../arm-none-eabi/lib/armv6-m\libg_nano.a(lib_a-errno.o)
 .ARM.attributes
                0x00000673       0x2c c:/program files (x86)/cypress/psoc creator/4.2/psoc creator/import/gnu/arm/5.4.1/bin/../lib/gcc/arm-none-eabi/5.4.1/../../../../arm-none-eabi/lib/armv6-m\libg_nano.a(lib_a-exit.o)
 .ARM.attributes
                0x0000069f       0x2c c:/program files (x86)/cypress/psoc creator/4.2/psoc creator/import/gnu/arm/5.4.1/bin/../lib/gcc/arm-none-eabi/5.4.1/../../../../arm-none-eabi/lib/armv6-m\libg_nano.a(lib_a-impure.o)
 .ARM.attributes
                0x000006cb       0x2c c:/program files (x86)/cypress/psoc creator/4.2/psoc creator/import/gnu/arm/5.4.1/bin/../lib/gcc/arm-none-eabi/5.4.1/../../../../arm-none-eabi/lib/armv6-m\libg_nano.a(lib_a-init.o)
 .ARM.attributes
                0x000006f7       0x2c c:/program files (x86)/cypress/psoc creator/4.2/psoc creator/import/gnu/arm/5.4.1/bin/../lib/gcc/arm-none-eabi/5.4.1/../../../../arm-none-eabi/lib/armv6-m\libg_nano.a(lib_a-memset.o)
 .ARM.attributes
                0x00000723       0x2c c:/program files (x86)/cypress/psoc creator/4.2/psoc creator/import/gnu/arm/5.4.1/bin/../lib/gcc/arm-none-eabi/5.4.1/armv6-m/crtend.o
 .ARM.attributes
                0x0000074f       0x1e c:/program files (x86)/cypress/psoc creator/4.2/psoc creator/import/gnu/arm/5.4.1/bin/../lib/gcc/arm-none-eabi/5.4.1/armv6-m/crtn.o

/DISCARD/
 *(.note.GNU-stack)
OUTPUT(C:\Users\carles\Google Drive\Universidad\28. SIT\Miniproyecto\MiniProyecto\MiniProyecto.cydsn\CortexM0\ARM_GCC_541\Debug\MiniProyecto.elf elf32-littlearm)
